Archive member included to satisfy reference by file (symbol)

c:/st/stm32cubeide_1.6.1/stm32cubeide/plugins/com.st.stm32cube.ide.mcu.externaltools.gnu-tools-for-stm32.9-2020-q2-update.win32_1.5.0.202011040924/tools/bin/../lib/gcc/arm-none-eabi/9.3.1/../../../../arm-none-eabi/lib/thumb/v7e-m+fp/hard\libc_nano.a(lib_a-errno.o)
                              Src/syscalls.o (__errno)
c:/st/stm32cubeide_1.6.1/stm32cubeide/plugins/com.st.stm32cube.ide.mcu.externaltools.gnu-tools-for-stm32.9-2020-q2-update.win32_1.5.0.202011040924/tools/bin/../lib/gcc/arm-none-eabi/9.3.1/../../../../arm-none-eabi/lib/thumb/v7e-m+fp/hard\libc_nano.a(lib_a-exit.o)
                              c:/st/stm32cubeide_1.6.1/stm32cubeide/plugins/com.st.stm32cube.ide.mcu.externaltools.gnu-tools-for-stm32.9-2020-q2-update.win32_1.5.0.202011040924/tools/bin/../lib/gcc/arm-none-eabi/9.3.1/../../../../arm-none-eabi/lib/thumb/v7e-m+fp/hard/crt0.o (exit)
c:/st/stm32cubeide_1.6.1/stm32cubeide/plugins/com.st.stm32cube.ide.mcu.externaltools.gnu-tools-for-stm32.9-2020-q2-update.win32_1.5.0.202011040924/tools/bin/../lib/gcc/arm-none-eabi/9.3.1/../../../../arm-none-eabi/lib/thumb/v7e-m+fp/hard\libc_nano.a(lib_a-impure.o)
                              c:/st/stm32cubeide_1.6.1/stm32cubeide/plugins/com.st.stm32cube.ide.mcu.externaltools.gnu-tools-for-stm32.9-2020-q2-update.win32_1.5.0.202011040924/tools/bin/../lib/gcc/arm-none-eabi/9.3.1/../../../../arm-none-eabi/lib/thumb/v7e-m+fp/hard\libc_nano.a(lib_a-exit.o) (_global_impure_ptr)
c:/st/stm32cubeide_1.6.1/stm32cubeide/plugins/com.st.stm32cube.ide.mcu.externaltools.gnu-tools-for-stm32.9-2020-q2-update.win32_1.5.0.202011040924/tools/bin/../lib/gcc/arm-none-eabi/9.3.1/../../../../arm-none-eabi/lib/thumb/v7e-m+fp/hard\libc_nano.a(lib_a-init.o)
                              c:/st/stm32cubeide_1.6.1/stm32cubeide/plugins/com.st.stm32cube.ide.mcu.externaltools.gnu-tools-for-stm32.9-2020-q2-update.win32_1.5.0.202011040924/tools/bin/../lib/gcc/arm-none-eabi/9.3.1/../../../../arm-none-eabi/lib/thumb/v7e-m+fp/hard/crt0.o (__libc_init_array)
c:/st/stm32cubeide_1.6.1/stm32cubeide/plugins/com.st.stm32cube.ide.mcu.externaltools.gnu-tools-for-stm32.9-2020-q2-update.win32_1.5.0.202011040924/tools/bin/../lib/gcc/arm-none-eabi/9.3.1/../../../../arm-none-eabi/lib/thumb/v7e-m+fp/hard\libc_nano.a(lib_a-memset.o)
                              c:/st/stm32cubeide_1.6.1/stm32cubeide/plugins/com.st.stm32cube.ide.mcu.externaltools.gnu-tools-for-stm32.9-2020-q2-update.win32_1.5.0.202011040924/tools/bin/../lib/gcc/arm-none-eabi/9.3.1/../../../../arm-none-eabi/lib/thumb/v7e-m+fp/hard/crt0.o (memset)
c:/st/stm32cubeide_1.6.1/stm32cubeide/plugins/com.st.stm32cube.ide.mcu.externaltools.gnu-tools-for-stm32.9-2020-q2-update.win32_1.5.0.202011040924/tools/bin/../lib/gcc/arm-none-eabi/9.3.1/../../../../arm-none-eabi/lib/thumb/v7e-m+fp/hard\libc_nano.a(lib_a-printf.o)
                              Src/main.o (printf)
c:/st/stm32cubeide_1.6.1/stm32cubeide/plugins/com.st.stm32cube.ide.mcu.externaltools.gnu-tools-for-stm32.9-2020-q2-update.win32_1.5.0.202011040924/tools/bin/../lib/gcc/arm-none-eabi/9.3.1/../../../../arm-none-eabi/lib/thumb/v7e-m+fp/hard\libc_nano.a(lib_a-puts.o)
                              Src/main.o (puts)
c:/st/stm32cubeide_1.6.1/stm32cubeide/plugins/com.st.stm32cube.ide.mcu.externaltools.gnu-tools-for-stm32.9-2020-q2-update.win32_1.5.0.202011040924/tools/bin/../lib/gcc/arm-none-eabi/9.3.1/../../../../arm-none-eabi/lib/thumb/v7e-m+fp/hard\libc_nano.a(lib_a-setbuf.o)
                              Src/30010_io.o (setbuf)
c:/st/stm32cubeide_1.6.1/stm32cubeide/plugins/com.st.stm32cube.ide.mcu.externaltools.gnu-tools-for-stm32.9-2020-q2-update.win32_1.5.0.202011040924/tools/bin/../lib/gcc/arm-none-eabi/9.3.1/../../../../arm-none-eabi/lib/thumb/v7e-m+fp/hard\libc_nano.a(lib_a-setvbuf.o)
                              c:/st/stm32cubeide_1.6.1/stm32cubeide/plugins/com.st.stm32cube.ide.mcu.externaltools.gnu-tools-for-stm32.9-2020-q2-update.win32_1.5.0.202011040924/tools/bin/../lib/gcc/arm-none-eabi/9.3.1/../../../../arm-none-eabi/lib/thumb/v7e-m+fp/hard\libc_nano.a(lib_a-setbuf.o) (setvbuf)
c:/st/stm32cubeide_1.6.1/stm32cubeide/plugins/com.st.stm32cube.ide.mcu.externaltools.gnu-tools-for-stm32.9-2020-q2-update.win32_1.5.0.202011040924/tools/bin/../lib/gcc/arm-none-eabi/9.3.1/../../../../arm-none-eabi/lib/thumb/v7e-m+fp/hard\libc_nano.a(lib_a-wbuf.o)
                              c:/st/stm32cubeide_1.6.1/stm32cubeide/plugins/com.st.stm32cube.ide.mcu.externaltools.gnu-tools-for-stm32.9-2020-q2-update.win32_1.5.0.202011040924/tools/bin/../lib/gcc/arm-none-eabi/9.3.1/../../../../arm-none-eabi/lib/thumb/v7e-m+fp/hard\libc_nano.a(lib_a-puts.o) (__swbuf_r)
c:/st/stm32cubeide_1.6.1/stm32cubeide/plugins/com.st.stm32cube.ide.mcu.externaltools.gnu-tools-for-stm32.9-2020-q2-update.win32_1.5.0.202011040924/tools/bin/../lib/gcc/arm-none-eabi/9.3.1/../../../../arm-none-eabi/lib/thumb/v7e-m+fp/hard\libc_nano.a(lib_a-wsetup.o)
[...]
Memory Configuration

Name             Origin             Length             Attributes
RAM              0x0000000020000000 0x0000000000004000 xrw
ROM              0x0000000008000000 0x0000000000010000 xr
*default*        0x0000000000000000 0xffffffffffffffff

Linker script and memory map

LOAD c:/st/stm32cubeide_1.6.1/stm32cubeide/plugins/com.st.stm32cube.ide.mcu.externaltools.gnu-tools-for-stm32.9-2020-q2-update.win32_1.5.0.202011040924/tools/bin/../lib/gcc/arm-none-eabi/9.3.1/thumb/v7e-m+fp/hard/crti.o
LOAD c:/st/stm32cubeide_1.6.1/stm32cubeide/plugins/com.st.stm32cube.ide.mcu.externaltools.gnu-tools-for-stm32.9-2020-q2-update.win32_1.5.0.202011040924/tools/bin/../lib/gcc/arm-none-eabi/9.3.1/thumb/v7e-m+fp/hard/crtbegin.o
LOAD c:/st/stm32cubeide_1.6.1/stm32cubeide/plugins/com.st.stm32cube.ide.mcu.externaltools.gnu-tools-for-stm32.9-2020-q2-update.win32_1.5.0.202011040924/tools/bin/../lib/gcc/arm-none-eabi/9.3.1/../../../../arm-none-eabi/lib/thumb/v7e-m+fp/hard/crt0.o
LOAD SPL/src/stm32f30x_adc.o
LOAD SPL/src/stm32f30x_can.o
LOAD SPL/src/stm32f30x_comp.o
LOAD SPL/src/stm32f30x_crc.o
LOAD SPL/src/stm32f30x_dac.o
LOAD SPL/src/stm32f30x_dbgmcu.o
LOAD SPL/src/stm32f30x_dma.o
LOAD SPL/src/stm32f30x_exti.o
LOAD SPL/src/stm32f30x_flash.o
LOAD SPL/src/stm32f30x_gpio.o
LOAD SPL/src/stm32f30x_i2c.o
LOAD SPL/src/stm32f30x_iwdg.o
LOAD SPL/src/stm32f30x_misc.o
LOAD SPL/src/stm32f30x_opamp.o
LOAD SPL/src/stm32f30x_pwr.o
LOAD SPL/src/stm32f30x_rcc.o
LOAD SPL/src/stm32f30x_rtc.o
LOAD SPL/src/stm32f30x_spi.o
LOAD SPL/src/stm32f30x_syscfg.o
LOAD SPL/src/stm32f30x_tim.o
LOAD SPL/src/stm32f30x_usart.o
LOAD SPL/src/stm32f30x_wwdg.o
LOAD Src/30010_io.o
LOAD Src/main.o
LOAD Src/syscalls.o
LOAD Src/sysmem.o
LOAD Src/system_stm32f30x.o
LOAD Startup/startup_stm32f302r8tx.o
START GROUP
LOAD c:/st/stm32cubeide_1.6.1/stm32cubeide/plugins/com.st.stm32cube.ide.mcu.externaltools.gnu-tools-for-stm32.9-2020-q2-update.win32_1.5.0.202011040924/tools/bin/../lib/gcc/arm-none-eabi/9.3.1/../../../../arm-none-eabi/lib/thumb/v7e-m+fp/hard\libc_nano.a
LOAD c:/st/stm32cubeide_1.6.1/stm32cubeide/plugins/com.st.stm32cube.ide.mcu.externaltools.gnu-tools-for-stm32.9-2020-q2-update.win32_1.5.0.202011040924/tools/bin/../lib/gcc/arm-none-eabi/9.3.1/../../../../arm-none-eabi/lib/thumb/v7e-m+fp/hard\libm.a
END GROUP
START GROUP
LOAD c:/st/stm32cubeide_1.6.1/stm32cubeide/plugins/com.st.stm32cube.ide.mcu.externaltools.gnu-tools-for-stm32.9-2020-q2-update.win32_1.5.0.202011040924/tools/bin/../lib/gcc/arm-none-eabi/9.3.1/thumb/v7e-m+fp/hard\libgcc.a
LOAD c:/st/stm32cubeide_1.6.1/stm32cubeide/plugins/com.st.stm32cube.ide.mcu.externaltools.gnu-tools-for-stm32.9-2020-q2-update.win32_1.5.0.202011040924/tools/bin/../lib/gcc/arm-none-eabi/9.3.1/../../../../arm-none-eabi/lib/thumb/v7e-m+fp/hard\libc_nano.a
END GROUP
START GROUP
LOAD c:/st/stm32cubeide_1.6.1/stm32cubeide/plugins/com.st.stm32cube.ide.mcu.externaltools.gnu-tools-for-stm32.9-2020-q2-update.win32_1.5.0.202011040924/tools/bin/../lib/gcc/arm-none-eabi/9.3.1/thumb/v7e-m+fp/hard\libgcc.a
LOAD c:/st/stm32cubeide_1.6.1/stm32cubeide/plugins/com.st.stm32cube.ide.mcu.externaltools.gnu-tools-for-stm32.9-2020-q2-update.win32_1.5.0.202011040924/tools/bin/../lib/gcc/arm-none-eabi/9.3.1/../../../../arm-none-eabi/lib/thumb/v7e-m+fp/hard\libc_nano.a
LOAD c:/st/stm32cubeide_1.6.1/stm32cubeide/plugins/com.st.stm32cube.ide.mcu.externaltools.gnu-tools-for-stm32.9-2020-q2-update.win32_1.5.0.202011040924/tools/bin/../lib/gcc/arm-none-eabi/9.3.1/../../../../arm-none-eabi/lib/thumb/v7e-m+fp/hard\libnosys.a
END GROUP
START GROUP
LOAD c:/st/stm32cubeide_1.6.1/stm32cubeide/plugins/com.st.stm32cube.ide.mcu.externaltools.gnu-tools-for-stm32.9-2020-q2-update.win32_1.5.0.202011040924/tools/bin/../lib/gcc/arm-none-eabi/9.3.1/thumb/v7e-m+fp/hard\libgcc.a
LOAD c:/st/stm32cubeide_1.6.1/stm32cubeide/plugins/com.st.stm32cube.ide.mcu.externaltools.gnu-tools-for-stm32.9-2020-q2-update.win32_1.5.0.202011040924/tools/bin/../lib/gcc/arm-none-eabi/9.3.1/../../../../arm-none-eabi/lib/thumb/v7e-m+fp/hard\libc_nano.a
LOAD c:/st/stm32cubeide_1.6.1/stm32cubeide/plugins/com.st.stm32cube.ide.mcu.externaltools.gnu-tools-for-stm32.9-2020-q2-update.win32_1.5.0.202011040924/tools/bin/../lib/gcc/arm-none-eabi/9.3.1/../../../../arm-none-eabi/lib/thumb/v7e-m+fp/hard\libnosys.a
END GROUP
LOAD c:/st/stm32cubeide_1.6.1/stm32cubeide/plugins/com.st.stm32cube.ide.mcu.externaltools.gnu-tools-for-stm32.9-2020-q2-update.win32_1.5.0.202011040924/tools/bin/../lib/gcc/arm-none-eabi/9.3.1/thumb/v7e-m+fp/hard/crtend.o
LOAD c:/st/stm32cubeide_1.6.1/stm32cubeide/plugins/com.st.stm32cube.ide.mcu.externaltools.gnu-tools-for-stm32.9-2020-q2-update.win32_1.5.0.202011040924/tools/bin/../lib/gcc/arm-none-eabi/9.3.1/thumb/v7e-m+fp/hard/crtn.o
                0x0000000020004000                _estack = (ORIGIN (RAM) + LENGTH (RAM))
                0x0000000000000200                _Min_Heap_Size = 0x200
                0x0000000000000400                _Min_Stack_Size = 0x400

.isr_vector     0x0000000008000000      0x188
                0x0000000008000000                . = ALIGN (0x4)
 *(.isr_vector)
 .isr_vector    0x0000000008000000      0x188 Startup/startup_stm32f302r8tx.o
                0x0000000008000000                g_pfnVectors
                0x0000000008000188                . = ALIGN (0x4)

.text           0x0000000008000190     0x2b78
                0x0000000008000190                . = ALIGN (0x4)
 *(.text)
 .text          0x0000000008000190       0x40 c:/st/stm32cubeide_1.6.1/stm32cubeide/plugins/com.st.stm32cube.ide.mcu.externaltools.gnu-tools-for-stm32.9-2020-q2-update.win32_1.5.0.202011040924/tools/bin/../lib/gcc/arm-none-eabi/9.3.1/thumb/v7e-m+fp/hard/crtbegin.o
 .text          0x00000000080001d0       0xa0 c:/st/stm32cubeide_1.6.1/stm32cubeide/plugins/com.st.stm32cube.ide.mcu.externaltools.gnu-tools-for-stm32.9-2020-q2-update.win32_1.5.0.202011040924/tools/bin/../lib/gcc/arm-none-eabi/9.3.1/../../../../arm-none-eabi/lib/thumb/v7e-m+fp/hard\libc_nano.a(lib_a-memchr.o)
                0x00000000080001d0                memchr
 *(.text*)
 .text.GPIO_Init
                0x0000000008000270      0x12c SPL/src/stm32f30x_gpio.o
                0x0000000008000270                GPIO_Init
 .text.GPIO_StructInit
                0x000000000800039c       0x34 SPL/src/stm32f30x_gpio.o
                0x000000000800039c                GPIO_StructInit
 .text.GPIO_ReadInputDataBit
                0x00000000080003d0       0x38 SPL/src/stm32f30x_gpio.o
                0x00000000080003d0                GPIO_ReadInputDataBit
 .text.GPIO_WriteBit
                0x0000000008000408       0x30 SPL/src/stm32f30x_gpio.o
                0x0000000008000408                GPIO_WriteBit
 .text.GPIO_PinAFConfig
                0x0000000008000438       0x92 SPL/src/stm32f30x_gpio.o
                0x0000000008000438                GPIO_PinAFConfig
 *fill*         0x00000000080004ca        0x2 
 .text.NVIC_Init
                0x00000000080004cc       0xc8 SPL/src/stm32f30x_misc.o
                0x00000000080004cc                NVIC_Init
 .text.RCC_GetClocksFreq
                0x0000000008000594      0x428 SPL/src/stm32f30x_rcc.o
                0x0000000008000594                RCC_GetClocksFreq
 .text.RCC_AHBPeriphClockCmd
                0x00000000080009bc       0x40 SPL/src/stm32f30x_rcc.o
                0x00000000080009bc                RCC_AHBPeriphClockCmd
 .text.RCC_APB1PeriphClockCmd
                0x00000000080009fc       0x40 SPL/src/stm32f30x_rcc.o
                0x00000000080009fc                RCC_APB1PeriphClockCmd
 .text.TIM_TimeBaseInit
                0x0000000008000a3c       0xf0 SPL/src/stm32f30x_tim.o
                0x0000000008000a3c                TIM_TimeBaseInit
 .text.TIM_TimeBaseStructInit
                0x0000000008000b2c       0x34 SPL/src/stm32f30x_tim.o
                0x0000000008000b2c                TIM_TimeBaseStructInit
 .text.TIM_Cmd  0x0000000008000b60       0x40 SPL/src/stm32f30x_tim.o
                0x0000000008000b60                TIM_Cmd
 .text.TIM_PWMIConfig
                0x0000000008000ba0       0xb8 SPL/src/stm32f30x_tim.o
                0x0000000008000ba0                TIM_PWMIConfig
 .text.TIM_GetCapture1
                0x0000000008000c58       0x18 SPL/src/stm32f30x_tim.o
                0x0000000008000c58                TIM_GetCapture1
 .text.TIM_GetCapture2
                0x0000000008000c70       0x18 SPL/src/stm32f30x_tim.o
                0x0000000008000c70                TIM_GetCapture2
 .text.TIM_SetIC1Prescaler
                0x0000000008000c88       0x30 SPL/src/stm32f30x_tim.o
                0x0000000008000c88                TIM_SetIC1Prescaler
 .text.TIM_SetIC2Prescaler
                0x0000000008000cb8       0x32 SPL/src/stm32f30x_tim.o
                0x0000000008000cb8                TIM_SetIC2Prescaler
 .text.TIM_ITConfig
                0x0000000008000cea       0x40 SPL/src/stm32f30x_tim.o
                0x0000000008000cea                TIM_ITConfig
 .text.TIM_ClearITPendingBit
                0x0000000008000d2a       0x24 SPL/src/stm32f30x_tim.o
                0x0000000008000d2a                TIM_ClearITPendingBit
 .text.TI1_Config
                0x0000000008000d4e       0x80 SPL/src/stm32f30x_tim.o
 .text.TI2_Config
                0x0000000008000dce       0x98 SPL/src/stm32f30x_tim.o
 .text.USART_SendData
                0x0000000008000e66       0x24 SPL/src/stm32f30x_usart.o
                0x0000000008000e66                USART_SendData
 .text.USART_ITConfig
                0x0000000008000e8a       0x84 SPL/src/stm32f30x_usart.o
                0x0000000008000e8a                USART_ITConfig
 .text.USART_GetFlagStatus
                0x0000000008000f0e       0x32 SPL/src/stm32f30x_usart.o
                0x0000000008000f0e                USART_GetFlagStatus
 .text.USART_GetITStatus
                0x0000000008000f40       0xa0 SPL/src/stm32f30x_usart.o
                0x0000000008000f40                USART_GetITStatus
 .text.NVIC_EnableIRQ
                0x0000000008000fe0       0x34 Src/30010_io.o
 .text.uart_put_char
                0x0000000008001014       0x34 Src/30010_io.o
                0x0000000008001014                uart_put_char
 .text._write_r
                0x0000000008001048       0x4c Src/30010_io.o
                0x0000000008001048                _write_r
 .text.USART2_IRQHandler
                0x0000000008001094       0x74 Src/30010_io.o
                0x0000000008001094                USART2_IRQHandler
 .text.uart_init
                0x0000000008001108      0x234 Src/30010_io.o
                0x0000000008001108                uart_init
 .text.NVIC_EnableIRQ
                0x000000000800133c       0x34 Src/main.o
 .text.NVIC_SetPriority
                0x0000000008001370       0x54 Src/main.o
 .text.initLed  0x00000000080013c4       0x78 Src/main.o
                0x00000000080013c4                initLed
 .text.setLed   0x000000000800143c       0x5c Src/main.o
                0x000000000800143c                setLed
 .text.initJoystick
                0x0000000008001498       0x8c Src/main.o
                0x0000000008001498                initJoystick
 .text.readJoystick
                0x0000000008001524       0xa4 Src/main.o
                0x0000000008001524                readJoystick
 .text.initTIM2
                0x00000000080015c8       0x92 Src/main.o
                0x00000000080015c8                initTIM2
 .text.GPIO_set_AF_PA0
                0x000000000800165a       0x3e Src/main.o
                0x000000000800165a                GPIO_set_AF_PA0
 .text.TIM2_IRQHandler
                0x0000000008001698       0x48 Src/main.o
                0x0000000008001698                TIM2_IRQHandler
 .text.updateBufferAndGetOutput
                0x00000000080016e0       0xaa Src/main.o
                0x00000000080016e0                updateBufferAndGetOutput
 *fill*         0x000000000800178a        0x2 
 .text.main     0x000000000800178c      0x168 Src/main.o
                0x000000000800178c                main
 .text._read    0x00000000080018f4       0x3a Src/syscalls.o
                0x00000000080018f4                _read
 .text._close   0x000000000800192e       0x18 Src/syscalls.o
                0x000000000800192e                _close
 .text._fstat   0x0000000008001946       0x20 Src/syscalls.o
                0x0000000008001946                _fstat
 .text._isatty  0x0000000008001966       0x16 Src/syscalls.o
                0x0000000008001966                _isatty
 .text._lseek   0x000000000800197c       0x1a Src/syscalls.o
                0x000000000800197c                _lseek
 *fill*         0x0000000008001996        0x2 
 .text._sbrk    0x0000000008001998       0x58 Src/sysmem.o
                0x0000000008001998                _sbrk
 .text.SystemInit
                0x00000000080019f0       0x94 Src/system_stm32f30x.o
                0x00000000080019f0                SystemInit
 .text.SetSysClock
                0x0000000008001a84       0x94 Src/system_stm32f30x.o
 .text.Reset_Handler
                0x0000000008001b18       0x50 Startup/startup_stm32f302r8tx.o
                0x0000000008001b18                Reset_Handler
 .text.Default_Handler
                0x0000000008001b68        0x2 Startup/startup_stm32f302r8tx.o
                0x0000000008001b68                TIM8_TRG_COM_IRQHandler
                0x0000000008001b68                TIM8_CC_IRQHandler
                0x0000000008001b68                DebugMon_Handler
                0x0000000008001b68                DMA1_CH4_IRQHandler
                0x0000000008001b68                TIM1_CC_IRQHandler
                0x0000000008001b68                HardFault_Handler
                0x0000000008001b68                USB_HP_IRQHandler
                0x0000000008001b68                I2C2_EV_EXTI24_IRQHandler
                0x0000000008001b68                SysTick_Handler
                0x0000000008001b68                USB_WKUP_EXTI_IRQHandler
                0x0000000008001b68                PVD_IRQHandler
                0x0000000008001b68                UART4_EXTI34_IRQHandler
                0x0000000008001b68                TAMP_STAMP_IRQHandler
                0x0000000008001b68                PendSV_Handler
                0x0000000008001b68                NMI_Handler
                0x0000000008001b68                EXTI3_IRQHandler
                0x0000000008001b68                TIM6_DACUNDER_IRQHandler
                0x0000000008001b68                USB_HP_CAN_TX_IRQHandler
                0x0000000008001b68                EXTI0_IRQHandler
                0x0000000008001b68                DMA2_CH1_IRQHandler
                0x0000000008001b68                FPU_IRQHandler
                0x0000000008001b68                TIM1_UP_TIM16_IRQHandler
                0x0000000008001b68                UsageFault_Handler
                0x0000000008001b68                ADC1_2_IRQHandler
                0x0000000008001b68                SPI1_IRQHandler
                0x0000000008001b68                CAN_SCE_IRQHandler
                0x0000000008001b68                DMA1_CH7_IRQHandler
                0x0000000008001b68                TIM8_UP_IRQHandler
                0x0000000008001b68                DMA1_CH6_IRQHandler
                0x0000000008001b68                ADC3_IRQHandler
                0x0000000008001b68                TIM4_IRQHandler
                0x0000000008001b68                CAN_RX1_IRQHandler
                0x0000000008001b68                USART1_EXTI25_IRQHandler
                0x0000000008001b68                DMA2_CH5_IRQHandler
                0x0000000008001b68                I2C1_EV_EXTI23_IRQHandler
                0x0000000008001b68                DMA1_CH3_IRQHandler
                0x0000000008001b68                TIM3_IRQHandler
                0x0000000008001b68                RCC_IRQHandler
                0x0000000008001b68                Default_Handler
                0x0000000008001b68                EXTI15_10_IRQHandler
                0x0000000008001b68                USART2_EXTI26_IRQHandler
                0x0000000008001b68                USART3_EXTI28_IRQHandler
                0x0000000008001b68                TIM7_IRQHandler
                0x0000000008001b68                EXTI9_5_IRQHandler
                0x0000000008001b68                DMA1_CH2_IRQHandler
                0x0000000008001b68                RTC_WKUP_IRQHandler
                0x0000000008001b68                SPI2_IRQHandler
                0x0000000008001b68                DMA1_CH1_IRQHandler
                0x0000000008001b68                USB_LP_CAN_RX0_IRQHandler
                0x0000000008001b68                MemManage_Handler
                0x0000000008001b68                SVC_Handler
                0x0000000008001b68                USB_LP_IRQHandler
                0x0000000008001b68                EXTI4_IRQHandler
                0x0000000008001b68                TIM1_TRG_COM_TIM17_IRQHandler
                0x0000000008001b68                ADC4_IRQHandler
                0x0000000008001b68                WWDG_IRQHandler
                0x0000000008001b68                EXTI1_IRQHandler
                0x0000000008001b68                RTCAlarm_IRQHandler
                0x0000000008001b68                UART5_EXTI35_IRQHandler
                0x0000000008001b68                I2C2_ER_IRQHandler
                0x0000000008001b68                TIM8_BRK_IRQHandler
                0x0000000008001b68                FLASH_IRQHandler
                0x0000000008001b68                BusFault_Handler
                0x0000000008001b68                SPI3_IRQHandler
                0x0000000008001b68                DMA2_CH3_IRQHandler
                0x0000000008001b68                DMA2_CH2_IRQHandler
                0x0000000008001b68                I2C1_ER_IRQHandler
                0x0000000008001b68                FMC_IRQHandler
                0x0000000008001b68                DMA1_CH5_IRQHandler
                0x0000000008001b68                DMA2_CH4_IRQHandler
                0x0000000008001b68                USB_WKUP_IRQHandler
                0x0000000008001b68                EXTI2_TSC_IRQHandler
                0x0000000008001b68                TIM1_BRK_TIM15_IRQHandler
 *fill*         0x0000000008001b6a        0x2 
 .text.__errno  0x0000000008001b6c        0xc c:/st/stm32cubeide_1.6.1/stm32cubeide/plugins/com.st.stm32cube.ide.mcu.externaltools.gnu-tools-for-stm32.9-2020-q2-update.win32_1.5.0.202011040924/tools/bin/../lib/gcc/arm-none-eabi/9.3.1/../../../../arm-none-eabi/lib/thumb/v7e-m+fp/hard\libc_nano.a(lib_a-errno.o)
                0x0000000008001b6c                __errno
 .text.__libc_init_array
                0x0000000008001b78       0x48 c:/st/stm32cubeide_1.6.1/stm32cubeide/plugins/com.st.stm32cube.ide.mcu.externaltools.gnu-tools-for-stm32.9-2020-q2-update.win32_1.5.0.202011040924/tools/bin/../lib/gcc/arm-none-eabi/9.3.1/../../../../arm-none-eabi/lib/thumb/v7e-m+fp/hard\libc_nano.a(lib_a-init.o)
                0x0000000008001b78                __libc_init_array
 .text.memset   0x0000000008001bc0       0x10 c:/st/stm32cubeide_1.6.1/stm32cubeide/plugins/com.st.stm32cube.ide.mcu.externaltools.gnu-tools-for-stm32.9-2020-q2-update.win32_1.5.0.202011040924/tools/bin/../lib/gcc/arm-none-eabi/9.3.1/../../../../arm-none-eabi/lib/thumb/v7e-m+fp/hard\libc_nano.a(lib_a-memset.o)
                0x0000000008001bc0                memset
 .text.printf   0x0000000008001bd0       0x30 c:/st/stm32cubeide_1.6.1/stm32cubeide/plugins/com.st.stm32cube.ide.mcu.externaltools.gnu-tools-for-stm32.9-2020-q2-update.win32_1.5.0.202011040924/tools/bin/../lib/gcc/arm-none-eabi/9.3.1/../../../../arm-none-eabi/lib/thumb/v7e-m+fp/hard\libc_nano.a(lib_a-printf.o)
                0x0000000008001bd0                iprintf
                0x0000000008001bd0                printf
 .text._puts_r  0x0000000008001c00       0xdc c:/st/stm32cubeide_1.6.1/stm32cubeide/plugins/com.st.stm32cube.ide.mcu.externaltools.gnu-tools-for-stm32.9-2020-q2-update.win32_1.5.0.202011040924/tools/bin/../lib/gcc/arm-none-eabi/9.3.1/../../../../arm-none-eabi/lib/thumb/v7e-m+fp/hard\libc_nano.a(lib_a-puts.o)
                0x0000000008001c00                _puts_r
 .text.puts     0x0000000008001cdc       0x10 c:/st/stm32cubeide_1.6.1/stm32cubeide/plugins/com.st.stm32cube.ide.mcu.externaltools.gnu-tools-for-stm32.9-2020-q2-update.win32_1.5.0.202011040924/tools/bin/../lib/gcc/arm-none-eabi/9.3.1/../../../../arm-none-eabi/lib/thumb/v7e-m+fp/hard\libc_nano.a(lib_a-puts.o)
                0x0000000008001cdc                puts
 .text.setbuf   0x0000000008001cec       0x10 c:/st/stm32cubeide_1.6.1/stm32cubeide/plugins/com.st.stm32cube.ide.mcu.externaltools.gnu-tools-for-stm32.9-2020-q2-update.win32_1.5.0.202011040924/tools/bin/../lib/gcc/arm-none-eabi/9.3.1/../../../../arm-none-eabi/lib/thumb/v7e-m+fp/hard\libc_nano.a(lib_a-setbuf.o)
                0x0000000008001cec                setbuf
 .text.setvbuf  0x0000000008001cfc      0x18c c:/st/stm32cubeide_1.6.1/stm32cubeide/plugins/com.st.stm32cube.ide.mcu.externaltools.gnu-tools-for-stm32.9-2020-q2-update.win32_1.5.0.202011040924/tools/bin/../lib/gcc/arm-none-eabi/9.3.1/../../../../arm-none-eabi/lib/thumb/v7e-m+fp/hard\libc_nano.a(lib_a-setvbuf.o)
                0x0000000008001cfc                setvbuf
 .text.__swbuf_r
                0x0000000008001e88       0xa4 c:/st/stm32cubeide_1.6.1/stm32cubeide/plugins/com.st.stm32cube.ide.mcu.externaltools.gnu-tools-for-stm32.9-2020-q2-update.win32_1.5.0.202011040924/tools/bin/../lib/gcc/arm-none-eabi/9.3.1/../../../../arm-none-eabi/lib/thumb/v7e-m+fp/hard\libc_nano.a(lib_a-wbuf.o)
                0x0000000008001e88                __swbuf_r
 .text.__swsetup_r
                0x0000000008001f2c       0xdc c:/st/stm32cubeide_1.6.1/stm32cubeide/plugins/com.st.stm32cube.ide.mcu.externaltools.gnu-tools-for-stm32.9-2020-q2-update.win32_1.5.0.202011040924/tools/bin/../lib/gcc/arm-none-eabi/9.3.1/../../../../arm-none-eabi/lib/thumb/v7e-m+fp/hard\libc_nano.a(lib_a-wsetup.o)
                0x0000000008001f2c                __swsetup_r
 .text.__sflush_r
                0x0000000008002008      0x10c c:/st/stm32cubeide_1.6.1/stm32cubeide/plugins/com.st.stm32cube.ide.mcu.externaltools.gnu-tools-for-stm32.9-2020-q2-update.win32_1.5.0.202011040924/tools/bin/../lib/gcc/arm-none-eabi/9.3.1/../../../../arm-none-eabi/lib/thumb/v7e-m+fp/hard\libc_nano.a(lib_a-fflush.o)
                0x0000000008002008                __sflush_r
 .text._fflush_r
                0x0000000008002114       0x78 c:/st/stm32cubeide_1.6.1/stm32cubeide/plugins/com.st.stm32cube.ide.mcu.externaltools.gnu-tools-for-stm32.9-2020-q2-update.win32_1.5.0.202011040924/tools/bin/../lib/gcc/arm-none-eabi/9.3.1/../../../../arm-none-eabi/lib/thumb/v7e-m+fp/hard\libc_nano.a(lib_a-fflush.o)
                0x0000000008002114                _fflush_r
 .text.std      0x000000000800218c       0x48 c:/st/stm32cubeide_1.6.1/stm32cubeide/plugins/com.st.stm32cube.ide.mcu.externaltools.gnu-tools-for-stm32.9-2020-q2-update.win32_1.5.0.202011040924/tools/bin/../lib/gcc/arm-none-eabi/9.3.1/../../../../arm-none-eabi/lib/thumb/v7e-m+fp/hard\libc_nano.a(lib_a-findfp.o)
 .text._cleanup_r
                0x00000000080021d4        0xc c:/st/stm32cubeide_1.6.1/stm32cubeide/plugins/com.st.stm32cube.ide.mcu.externaltools.gnu-tools-for-stm32.9-2020-q2-update.win32_1.5.0.202011040924/tools/bin/../lib/gcc/arm-none-eabi/9.3.1/../../../../arm-none-eabi/lib/thumb/v7e-m+fp/hard\libc_nano.a(lib_a-findfp.o)
                0x00000000080021d4                _cleanup_r
 .text.__sfmoreglue
                0x00000000080021e0       0x2c c:/st/stm32cubeide_1.6.1/stm32cubeide/plugins/com.st.stm32cube.ide.mcu.externaltools.gnu-tools-for-stm32.9-2020-q2-update.win32_1.5.0.202011040924/tools/bin/../lib/gcc/arm-none-eabi/9.3.1/../../../../arm-none-eabi/lib/thumb/v7e-m+fp/hard\libc_nano.a(lib_a-findfp.o)
                0x00000000080021e0                __sfmoreglue
 .text.__sfp_lock_acquire
                0x000000000800220c        0xc c:/st/stm32cubeide_1.6.1/stm32cubeide/plugins/com.st.stm32cube.ide.mcu.externaltools.gnu-tools-for-stm32.9-2020-q2-update.win32_1.5.0.202011040924/tools/bin/../lib/gcc/arm-none-eabi/9.3.1/../../../../arm-none-eabi/lib/thumb/v7e-m+fp/hard\libc_nano.a(lib_a-findfp.o)
                0x000000000800220c                __sfp_lock_acquire
 .text.__sfp_lock_release
                0x0000000008002218        0xc c:/st/stm32cubeide_1.6.1/stm32cubeide/plugins/com.st.stm32cube.ide.mcu.externaltools.gnu-tools-for-stm32.9-2020-q2-update.win32_1.5.0.202011040924/tools/bin/../lib/gcc/arm-none-eabi/9.3.1/../../../../arm-none-eabi/lib/thumb/v7e-m+fp/hard\libc_nano.a(lib_a-findfp.o)
                0x0000000008002218                __sfp_lock_release
 .text.__sinit_lock_acquire
                0x0000000008002224        0xc c:/st/stm32cubeide_1.6.1/stm32cubeide/plugins/com.st.stm32cube.ide.mcu.externaltools.gnu-tools-for-stm32.9-2020-q2-update.win32_1.5.0.202011040924/tools/bin/../lib/gcc/arm-none-eabi/9.3.1/../../../../arm-none-eabi/lib/thumb/v7e-m+fp/hard\libc_nano.a(lib_a-findfp.o)
                0x0000000008002224                __sinit_lock_acquire
 .text.__sinit_lock_release
                0x0000000008002230        0xc c:/st/stm32cubeide_1.6.1/stm32cubeide/plugins/com.st.stm32cube.ide.mcu.externaltools.gnu-tools-for-stm32.9-2020-q2-update.win32_1.5.0.202011040924/tools/bin/../lib/gcc/arm-none-eabi/9.3.1/../../../../arm-none-eabi/lib/thumb/v7e-m+fp/hard\libc_nano.a(lib_a-findfp.o)
                0x0000000008002230                __sinit_lock_release
 .text.__sinit  0x000000000800223c       0x70 c:/st/stm32cubeide_1.6.1/stm32cubeide/plugins/com.st.stm32cube.ide.mcu.externaltools.gnu-tools-for-stm32.9-2020-q2-update.win32_1.5.0.202011040924/tools/bin/../lib/gcc/arm-none-eabi/9.3.1/../../../../arm-none-eabi/lib/thumb/v7e-m+fp/hard\libc_nano.a(lib_a-findfp.o)
                0x000000000800223c                __sinit
 .text.__sfp    0x00000000080022ac       0x8c c:/st/stm32cubeide_1.6.1/stm32cubeide/plugins/com.st.stm32cube.ide.mcu.externaltools.gnu-tools-for-stm32.9-2020-q2-update.win32_1.5.0.202011040924/tools/bin/../lib/gcc/arm-none-eabi/9.3.1/../../../../arm-none-eabi/lib/thumb/v7e-m+fp/hard\libc_nano.a(lib_a-findfp.o)
                0x00000000080022ac                __sfp
 .text._fwalk_reent
                0x0000000008002338       0x3e c:/st/stm32cubeide_1.6.1/stm32cubeide/plugins/com.st.stm32cube.ide.mcu.externaltools.gnu-tools-for-stm32.9-2020-q2-update.win32_1.5.0.202011040924/tools/bin/../lib/gcc/arm-none-eabi/9.3.1/../../../../arm-none-eabi/lib/thumb/v7e-m+fp/hard\libc_nano.a(lib_a-fwalk.o)
                0x0000000008002338                _fwalk_reent
 .text.__retarget_lock_init_recursive
                0x0000000008002376        0x2 c:/st/stm32cubeide_1.6.1/stm32cubeide/plugins/com.st.stm32cube.ide.mcu.externaltools.gnu-tools-for-stm32.9-2020-q2-update.win32_1.5.0.202011040924/tools/bin/../lib/gcc/arm-none-eabi/9.3.1/../../../../arm-none-eabi/lib/thumb/v7e-m+fp/hard\libc_nano.a(lib_a-lock.o)
                0x0000000008002376                __retarget_lock_init_recursive
 .text.__retarget_lock_acquire_recursive
                0x0000000008002378        0x2 c:/st/stm32cubeide_1.6.1/stm32cubeide/plugins/com.st.stm32cube.ide.mcu.externaltools.gnu-tools-for-stm32.9-2020-q2-update.win32_1.5.0.202011040924/tools/bin/../lib/gcc/arm-none-eabi/9.3.1/../../../../arm-none-eabi/lib/thumb/v7e-m+fp/hard\libc_nano.a(lib_a-lock.o)
                0x0000000008002378                __retarget_lock_acquire_recursive
 .text.__retarget_lock_release_recursive
                0x000000000800237a        0x2 c:/st/stm32cubeide_1.6.1/stm32cubeide/plugins/com.st.stm32cube.ide.mcu.externaltools.gnu-tools-for-stm32.9-2020-q2-update.win32_1.5.0.202011040924/tools/bin/../lib/gcc/arm-none-eabi/9.3.1/../../../../arm-none-eabi/lib/thumb/v7e-m+fp/hard\libc_nano.a(lib_a-lock.o)
                0x000000000800237a                __retarget_lock_release_recursive
 .text.__swhatbuf_r
                0x000000000800237c       0x48 c:/st/stm32cubeide_1.6.1/stm32cubeide/plugins/com.st.stm32cube.ide.mcu.externaltools.gnu-tools-for-stm32.9-2020-q2-update.win32_1.5.0.202011040924/tools/bin/../lib/gcc/arm-none-eabi/9.3.1/../../../../arm-none-eabi/lib/thumb/v7e-m+fp/hard\libc_nano.a(lib_a-makebuf.o)
                0x000000000800237c                __swhatbuf_r
 .text.__smakebuf_r
                0x00000000080023c4       0x80 c:/st/stm32cubeide_1.6.1/stm32cubeide/plugins/com.st.stm32cube.ide.mcu.externaltools.gnu-tools-for-stm32.9-2020-q2-update.win32_1.5.0.202011040924/tools/bin/../lib/gcc/arm-none-eabi/9.3.1/../../../../arm-none-eabi/lib/thumb/v7e-m+fp/hard\libc_nano.a(lib_a-makebuf.o)
                0x00000000080023c4                __smakebuf_r
 .text.malloc   0x0000000008002444       0x10 c:/st/stm32cubeide_1.6.1/stm32cubeide/plugins/com.st.stm32cube.ide.mcu.externaltools.gnu-tools-for-stm32.9-2020-q2-update.win32_1.5.0.202011040924/tools/bin/../lib/gcc/arm-none-eabi/9.3.1/../../../../arm-none-eabi/lib/thumb/v7e-m+fp/hard\libc_nano.a(lib_a-malloc.o)
                0x0000000008002444                malloc
 .text._free_r  0x0000000008002454       0xa0 c:/st/stm32cubeide_1.6.1/stm32cubeide/plugins/com.st.stm32cube.ide.mcu.externaltools.gnu-tools-for-stm32.9-2020-q2-update.win32_1.5.0.202011040924/tools/bin/../lib/gcc/arm-none-eabi/9.3.1/../../../../arm-none-eabi/lib/thumb/v7e-m+fp/hard\libc_nano.a(lib_a-nano-freer.o)
                0x0000000008002454                _free_r
 .text._malloc_r
                0x00000000080024f4       0xb4 c:/st/stm32cubeide_1.6.1/stm32cubeide/plugins/com.st.stm32cube.ide.mcu.externaltools.gnu-tools-for-stm32.9-2020-q2-update.win32_1.5.0.202011040924/tools/bin/../lib/gcc/arm-none-eabi/9.3.1/../../../../arm-none-eabi/lib/thumb/v7e-m+fp/hard\libc_nano.a(lib_a-nano-mallocr.o)
                0x00000000080024f4                _malloc_r
 .text.__sfputc_r
                0x00000000080025a8       0x2e c:/st/stm32cubeide_1.6.1/stm32cubeide/plugins/com.st.stm32cube.ide.mcu.externaltools.gnu-tools-for-stm32.9-2020-q2-update.win32_1.5.0.202011040924/tools/bin/../lib/gcc/arm-none-eabi/9.3.1/../../../../arm-none-eabi/lib/thumb/v7e-m+fp/hard\libc_nano.a(lib_a-nano-vfprintf.o)
 .text.__sfputs_r
                0x00000000080025d6       0x24 c:/st/stm32cubeide_1.6.1/stm32cubeide/plugins/com.st.stm32cube.ide.mcu.externaltools.gnu-tools-for-stm32.9-2020-q2-update.win32_1.5.0.202011040924/tools/bin/../lib/gcc/arm-none-eabi/9.3.1/../../../../arm-none-eabi/lib/thumb/v7e-m+fp/hard\libc_nano.a(lib_a-nano-vfprintf.o)
                0x00000000080025d6                __sfputs_r
 *fill*         0x00000000080025fa        0x2 
 .text._vfprintf_r
                0x00000000080025fc      0x260 c:/st/stm32cubeide_1.6.1/stm32cubeide/plugins/com.st.stm32cube.ide.mcu.externaltools.gnu-tools-for-stm32.9-2020-q2-update.win32_1.5.0.202011040924/tools/bin/../lib/gcc/arm-none-eabi/9.3.1/../../../../arm-none-eabi/lib/thumb/v7e-m+fp/hard\libc_nano.a(lib_a-nano-vfprintf.o)
                0x00000000080025fc                _vfprintf_r
                0x00000000080025fc                _vfiprintf_r
 .text._printf_common
                0x000000000800285c       0xda c:/st/stm32cubeide_1.6.1/stm32cubeide/plugins/com.st.stm32cube.ide.mcu.externaltools.gnu-tools-for-stm32.9-2020-q2-update.win32_1.5.0.202011040924/tools/bin/../lib/gcc/arm-none-eabi/9.3.1/../../../../arm-none-eabi/lib/thumb/v7e-m+fp/hard\libc_nano.a(lib_a-nano-vfprintf_i.o)
                0x000000000800285c                _printf_common
 *fill*         0x0000000008002936        0x2 
 .text._printf_i
                0x0000000008002938      0x24c c:/st/stm32cubeide_1.6.1/stm32cubeide/plugins/com.st.stm32cube.ide.mcu.externaltools.gnu-tools-for-stm32.9-2020-q2-update.win32_1.5.0.202011040924/tools/bin/../lib/gcc/arm-none-eabi/9.3.1/../../../../arm-none-eabi/lib/thumb/v7e-m+fp/hard\libc_nano.a(lib_a-nano-vfprintf_i.o)
                0x0000000008002938                _printf_i
 .text._sbrk_r  0x0000000008002b84       0x20 c:/st/stm32cubeide_1.6.1/stm32cubeide/plugins/com.st.stm32cube.ide.mcu.externaltools.gnu-tools-for-stm32.9-2020-q2-update.win32_1.5.0.202011040924/tools/bin/../lib/gcc/arm-none-eabi/9.3.1/../../../../arm-none-eabi/lib/thumb/v7e-m+fp/hard\libc_nano.a(lib_a-sbrkr.o)
                0x0000000008002b84                _sbrk_r
 .text.__sread  0x0000000008002ba4       0x22 c:/st/stm32cubeide_1.6.1/stm32cubeide/plugins/com.st.stm32cube.ide.mcu.externaltools.gnu-tools-for-stm32.9-2020-q2-update.win32_1.5.0.202011040924/tools/bin/../lib/gcc/arm-none-eabi/9.3.1/../../../../arm-none-eabi/lib/thumb/v7e-m+fp/hard\libc_nano.a(lib_a-stdio.o)
                0x0000000008002ba4                __sread
 .text.__swrite
                0x0000000008002bc6       0x38 c:/st/stm32cubeide_1.6.1/stm32cubeide/plugins/com.st.stm32cube.ide.mcu.externaltools.gnu-tools-for-stm32.9-2020-q2-update.win32_1.5.0.202011040924/tools/bin/../lib/gcc/arm-none-eabi/9.3.1/../../../../arm-none-eabi/lib/thumb/v7e-m+fp/hard\libc_nano.a(lib_a-stdio.o)
                0x0000000008002bc6                __swrite
 .text.__sseek  0x0000000008002bfe       0x24 c:/st/stm32cubeide_1.6.1/stm32cubeide/plugins/com.st.stm32cube.ide.mcu.externaltools.gnu-tools-for-stm32.9-2020-q2-update.win32_1.5.0.202011040924/tools/bin/../lib/gcc/arm-none-eabi/9.3.1/../../../../arm-none-eabi/lib/thumb/v7e-m+fp/hard\libc_nano.a(lib_a-stdio.o)
                0x0000000008002bfe                __sseek
 .text.__sclose
                0x0000000008002c22        0x8 c:/st/stm32cubeide_1.6.1/stm32cubeide/plugins/com.st.stm32cube.ide.mcu.externaltools.gnu-tools-for-stm32.9-2020-q2-update.win32_1.5.0.202011040924/tools/bin/../lib/gcc/arm-none-eabi/9.3.1/../../../../arm-none-eabi/lib/thumb/v7e-m+fp/hard\libc_nano.a(lib_a-stdio.o)
                0x0000000008002c22                __sclose
 *fill*         0x0000000008002c2a        0x2 
 .text._close_r
                0x0000000008002c2c       0x20 c:/st/stm32cubeide_1.6.1/stm32cubeide/plugins/com.st.stm32cube.ide.mcu.externaltools.gnu-tools-for-stm32.9-2020-q2-update.win32_1.5.0.202011040924/tools/bin/../lib/gcc/arm-none-eabi/9.3.1/../../../../arm-none-eabi/lib/thumb/v7e-m+fp/hard\libc_nano.a(lib_a-closer.o)
                0x0000000008002c2c                _close_r
 .text._fstat_r
                0x0000000008002c4c       0x24 c:/st/stm32cubeide_1.6.1/stm32cubeide/plugins/com.st.stm32cube.ide.mcu.externaltools.gnu-tools-for-stm32.9-2020-q2-update.win32_1.5.0.202011040924/tools/bin/../lib/gcc/arm-none-eabi/9.3.1/../../../../arm-none-eabi/lib/thumb/v7e-m+fp/hard\libc_nano.a(lib_a-fstatr.o)
                0x0000000008002c4c                _fstat_r
 .text._isatty_r
                0x0000000008002c70       0x20 c:/st/stm32cubeide_1.6.1/stm32cubeide/plugins/com.st.stm32cube.ide.mcu.externaltools.gnu-tools-for-stm32.9-2020-q2-update.win32_1.5.0.202011040924/tools/bin/../lib/gcc/arm-none-eabi/9.3.1/../../../../arm-none-eabi/lib/thumb/v7e-m+fp/hard\libc_nano.a(lib_a-isattyr.o)
                0x0000000008002c70                _isatty_r
 .text._lseek_r
                0x0000000008002c90       0x24 c:/st/stm32cubeide_1.6.1/stm32cubeide/plugins/com.st.stm32cube.ide.mcu.externaltools.gnu-tools-for-stm32.9-2020-q2-update.win32_1.5.0.202011040924/tools/bin/../lib/gcc/arm-none-eabi/9.3.1/../../../../arm-none-eabi/lib/thumb/v7e-m+fp/hard\libc_nano.a(lib_a-lseekr.o)
                0x0000000008002c90                _lseek_r
 .text.__malloc_lock
                0x0000000008002cb4        0xc c:/st/stm32cubeide_1.6.1/stm32cubeide/plugins/com.st.stm32cube.ide.mcu.externaltools.gnu-tools-for-stm32.9-2020-q2-update.win32_1.5.0.202011040924/tools/bin/../lib/gcc/arm-none-eabi/9.3.1/../../../../arm-none-eabi/lib/thumb/v7e-m+fp/hard\libc_nano.a(lib_a-mlock.o)
                0x0000000008002cb4                __malloc_lock
 .text.__malloc_unlock
                0x0000000008002cc0        0xc c:/st/stm32cubeide_1.6.1/stm32cubeide/plugins/com.st.stm32cube.ide.mcu.externaltools.gnu-tools-for-stm32.9-2020-q2-update.win32_1.5.0.202011040924/tools/bin/../lib/gcc/arm-none-eabi/9.3.1/../../../../arm-none-eabi/lib/thumb/v7e-m+fp/hard\libc_nano.a(lib_a-mlock.o)
                0x0000000008002cc0                __malloc_unlock
 .text._read_r  0x0000000008002ccc       0x24 c:/st/stm32cubeide_1.6.1/stm32cubeide/plugins/com.st.stm32cube.ide.mcu.externaltools.gnu-tools-for-stm32.9-2020-q2-update.win32_1.5.0.202011040924/tools/bin/../lib/gcc/arm-none-eabi/9.3.1/../../../../arm-none-eabi/lib/thumb/v7e-m+fp/hard\libc_nano.a(lib_a-readr.o)
                0x0000000008002ccc                _read_r
 *(.glue_7)
 .glue_7        0x0000000008002cf0        0x0 linker stubs
 *(.glue_7t)
 .glue_7t       0x0000000008002cf0        0x0 linker stubs
 *(.eh_frame)
 .eh_frame      0x0000000008002cf0        0x0 c:/st/stm32cubeide_1.6.1/stm32cubeide/plugins/com.st.stm32cube.ide.mcu.externaltools.gnu-tools-for-stm32.9-2020-q2-update.win32_1.5.0.202011040924/tools/bin/../lib/gcc/arm-none-eabi/9.3.1/thumb/v7e-m+fp/hard/crtbegin.o
 *(.init)
 .init          0x0000000008002cf0        0x4 c:/st/stm32cubeide_1.6.1/stm32cubeide/plugins/com.st.stm32cube.ide.mcu.externaltools.gnu-tools-for-stm32.9-2020-q2-update.win32_1.5.0.202011040924/tools/bin/../lib/gcc/arm-none-eabi/9.3.1/thumb/v7e-m+fp/hard/crti.o
                0x0000000008002cf0                _init
 .init          0x0000000008002cf4        0x8 c:/st/stm32cubeide_1.6.1/stm32cubeide/plugins/com.st.stm32cube.ide.mcu.externaltools.gnu-tools-for-stm32.9-2020-q2-update.win32_1.5.0.202011040924/tools/bin/../lib/gcc/arm-none-eabi/9.3.1/thumb/v7e-m+fp/hard/crtn.o
 *(.fini)
 .fini          0x0000000008002cfc        0x4 c:/st/stm32cubeide_1.6.1/stm32cubeide/plugins/com.st.stm32cube.ide.mcu.externaltools.gnu-tools-for-stm32.9-2020-q2-update.win32_1.5.0.202011040924/tools/bin/../lib/gcc/arm-none-eabi/9.3.1/thumb/v7e-m+fp/hard/crti.o
                0x0000000008002cfc                _fini
 .fini          0x0000000008002d00        0x8 c:/st/stm32cubeide_1.6.1/stm32cubeide/plugins/com.st.stm32cube.ide.mcu.externaltools.gnu-tools-for-stm32.9-2020-q2-update.win32_1.5.0.202011040924/tools/bin/../lib/gcc/arm-none-eabi/9.3.1/thumb/v7e-m+fp/hard/crtn.o
                0x0000000008002d08                . = ALIGN (0x4)
                0x0000000008002d08                _etext = .

.vfp11_veneer   0x0000000008002d08        0x0
 .vfp11_veneer  0x0000000008002d08        0x0 linker stubs

.v4_bx          0x0000000008002d08        0x0
 .v4_bx         0x0000000008002d08        0x0 linker stubs

.iplt           0x0000000008002d08        0x0
 .iplt          0x0000000008002d08        0x0 c:/st/stm32cubeide_1.6.1/stm32cubeide/plugins/com.st.stm32cube.ide.mcu.externaltools.gnu-tools-for-stm32.9-2020-q2-update.win32_1.5.0.202011040924/tools/bin/../lib/gcc/arm-none-eabi/9.3.1/thumb/v7e-m+fp/hard/crtbegin.o

.rodata         0x0000000008002d08      0x11c
                0x0000000008002d08                . = ALIGN (0x4)
 *(.rodata)
 .rodata        0x0000000008002d08       0x82 Src/main.o
 *(.rodata*)
 *fill*         0x0000000008002d8a        0x2 
 .rodata._global_impure_ptr
                0x0000000008002d8c        0x4 c:/st/stm32cubeide_1.6.1/stm32cubeide/plugins/com.st.stm32cube.ide.mcu.externaltools.gnu-tools-for-stm32.9-2020-q2-update.win32_1.5.0.202011040924/tools/bin/../lib/gcc/arm-none-eabi/9.3.1/../../../../arm-none-eabi/lib/thumb/v7e-m+fp/hard\libc_nano.a(lib_a-impure.o)
                0x0000000008002d8c                _global_impure_ptr
 .rodata.__sf_fake_stderr
                0x0000000008002d90       0x20 c:/st/stm32cubeide_1.6.1/stm32cubeide/plugins/com.st.stm32cube.ide.mcu.externaltools.gnu-tools-for-stm32.9-2020-q2-update.win32_1.5.0.202011040924/tools/bin/../lib/gcc/arm-none-eabi/9.3.1/../../../../arm-none-eabi/lib/thumb/v7e-m+fp/hard\libc_nano.a(lib_a-findfp.o)
                0x0000000008002d90                __sf_fake_stderr
 .rodata.__sf_fake_stdin
                0x0000000008002db0       0x20 c:/st/stm32cubeide_1.6.1/stm32cubeide/plugins/com.st.stm32cube.ide.mcu.externaltools.gnu-tools-for-stm32.9-2020-q2-update.win32_1.5.0.202011040924/tools/bin/../lib/gcc/arm-none-eabi/9.3.1/../../../../arm-none-eabi/lib/thumb/v7e-m+fp/hard\libc_nano.a(lib_a-findfp.o)
                0x0000000008002db0                __sf_fake_stdin
 .rodata.__sf_fake_stdout
                0x0000000008002dd0       0x20 c:/st/stm32cubeide_1.6.1/stm32cubeide/plugins/com.st.stm32cube.ide.mcu.externaltools.gnu-tools-for-stm32.9-2020-q2-update.win32_1.5.0.202011040924/tools/bin/../lib/gcc/arm-none-eabi/9.3.1/../../../../arm-none-eabi/lib/thumb/v7e-m+fp/hard\libc_nano.a(lib_a-findfp.o)
                0x0000000008002dd0                __sf_fake_stdout
 .rodata._vfprintf_r.str1.1
                0x0000000008002df0       0x11 c:/st/stm32cubeide_1.6.1/stm32cubeide/plugins/com.st.stm32cube.ide.mcu.externaltools.gnu-tools-for-stm32.9-2020-q2-update.win32_1.5.0.202011040924/tools/bin/../lib/gcc/arm-none-eabi/9.3.1/../../../../arm-none-eabi/lib/thumb/v7e-m+fp/hard\libc_nano.a(lib_a-nano-vfprintf.o)
 .rodata._printf_i.str1.1
                0x0000000008002e01       0x22 c:/st/stm32cubeide_1.6.1/stm32cubeide/plugins/com.st.stm32cube.ide.mcu.externaltools.gnu-tools-for-stm32.9-2020-q2-update.win32_1.5.0.202011040924/tools/bin/../lib/gcc/arm-none-eabi/9.3.1/../../../../arm-none-eabi/lib/thumb/v7e-m+fp/hard\libc_nano.a(lib_a-nano-vfprintf_i.o)
                0x0000000008002e24                . = ALIGN (0x4)
 *fill*         0x0000000008002e23        0x1 

.rel.dyn        0x0000000008002e24        0x0
 .rel.iplt      0x0000000008002e24        0x0 c:/st/stm32cubeide_1.6.1/stm32cubeide/plugins/com.st.stm32cube.ide.mcu.externaltools.gnu-tools-for-stm32.9-2020-q2-update.win32_1.5.0.202011040924/tools/bin/../lib/gcc/arm-none-eabi/9.3.1/thumb/v7e-m+fp/hard/crtbegin.o

.ARM.extab      0x0000000008002e24        0x0
                0x0000000008002e24                . = ALIGN (0x4)
 *(.ARM.extab* .gnu.linkonce.armextab.*)
                0x0000000008002e24                . = ALIGN (0x4)

.ARM            0x0000000008002e24        0x0
                0x0000000008002e24                . = ALIGN (0x4)
                0x0000000008002e24                __exidx_start = .
 *(.ARM.exidx*)
                0x0000000008002e24                __exidx_end = .
                0x0000000008002e24                . = ALIGN (0x4)

.preinit_array  0x0000000008002e24        0x0
                0x0000000008002e24                . = ALIGN (0x4)
                0x0000000008002e24                PROVIDE (__preinit_array_start = .)
 *(.preinit_array*)
                0x0000000008002e24                PROVIDE (__preinit_array_end = .)
                0x0000000008002e24                . = ALIGN (0x4)

.init_array     0x0000000008002e24        0x4
                0x0000000008002e24                . = ALIGN (0x4)
                0x0000000008002e24                PROVIDE (__init_array_start = .)
 *(SORT_BY_NAME(.init_array.*))
 *(.init_array*)
 .init_array    0x0000000008002e24        0x4 c:/st/stm32cubeide_1.6.1/stm32cubeide/plugins/com.st.stm32cube.ide.mcu.externaltools.gnu-tools-for-stm32.9-2020-q2-update.win32_1.5.0.202011040924/tools/bin/../lib/gcc/arm-none-eabi/9.3.1/thumb/v7e-m+fp/hard/crtbegin.o
                0x0000000008002e28                PROVIDE (__init_array_end = .)
                0x0000000008002e28                . = ALIGN (0x4)

.fini_array     0x0000000008002e28        0x4
                0x0000000008002e28                . = ALIGN (0x4)
                [!provide]                        PROVIDE (__fini_array_start = .)
 *(SORT_BY_NAME(.fini_array.*))
 *(.fini_array*)
 .fini_array    0x0000000008002e28        0x4 c:/st/stm32cubeide_1.6.1/stm32cubeide/plugins/com.st.stm32cube.ide.mcu.externaltools.gnu-tools-for-stm32.9-2020-q2-update.win32_1.5.0.202011040924/tools/bin/../lib/gcc/arm-none-eabi/9.3.1/thumb/v7e-m+fp/hard/crtbegin.o
                [!provide]                        PROVIDE (__fini_array_end = .)
                0x0000000008002e2c                . = ALIGN (0x4)
                0x0000000008002e2c                _sidata = LOADADDR (.data)

.data           0x0000000020000000       0x90 load address 0x0000000008002e2c
                0x0000000020000000                . = ALIGN (0x4)
                0x0000000020000000                _sdata = .
 *(.data)
 *(.data*)
 .data.APBAHBPrescTable
                0x0000000020000000       0x10 SPL/src/stm32f30x_rcc.o
 .data.ADCPrescTable
                0x0000000020000010       0x1a SPL/src/stm32f30x_rcc.o
 *fill*         0x000000002000002a        0x2 
 .data._impure_ptr
                0x000000002000002c        0x4 c:/st/stm32cubeide_1.6.1/stm32cubeide/plugins/com.st.stm32cube.ide.mcu.externaltools.gnu-tools-for-stm32.9-2020-q2-update.win32_1.5.0.202011040924/tools/bin/../lib/gcc/arm-none-eabi/9.3.1/../../../../arm-none-eabi/lib/thumb/v7e-m+fp/hard\libc_nano.a(lib_a-impure.o)
                0x000000002000002c                _impure_ptr
 .data.impure_data
                0x0000000020000030       0x60 c:/st/stm32cubeide_1.6.1/stm32cubeide/plugins/com.st.stm32cube.ide.mcu.externaltools.gnu-tools-for-stm32.9-2020-q2-update.win32_1.5.0.202011040924/tools/bin/../lib/gcc/arm-none-eabi/9.3.1/../../../../arm-none-eabi/lib/thumb/v7e-m+fp/hard\libc_nano.a(lib_a-impure.o)
                0x0000000020000090                . = ALIGN (0x4)
                0x0000000020000090                _edata = .

.igot.plt       0x0000000020000090        0x0 load address 0x0000000008002ebc
 .igot.plt      0x0000000020000090        0x0 c:/st/stm32cubeide_1.6.1/stm32cubeide/plugins/com.st.stm32cube.ide.mcu.externaltools.gnu-tools-for-stm32.9-2020-q2-update.win32_1.5.0.202011040924/tools/bin/../lib/gcc/arm-none-eabi/9.3.1/thumb/v7e-m+fp/hard/crtbegin.o
                0x0000000020000090                . = ALIGN (0x4)

.bss            0x0000000020000090      0x148 load address 0x0000000008002ebc
                0x0000000020000090                _sbss = .
                0x0000000020000090                __bss_start__ = _sbss
 *(.bss)
 .bss           0x0000000020000090       0x1c c:/st/stm32cubeide_1.6.1/stm32cubeide/plugins/com.st.stm32cube.ide.mcu.externaltools.gnu-tools-for-stm32.9-2020-q2-update.win32_1.5.0.202011040924/tools/bin/../lib/gcc/arm-none-eabi/9.3.1/thumb/v7e-m+fp/hard/crtbegin.o
 *(.bss*)
 .bss.UART_BUFFER
                0x00000000200000ac      0x100 Src/30010_io.o
                0x00000000200000ac                UART_BUFFER
 .bss.UART_END_IDX
                0x00000000200001ac        0x1 Src/30010_io.o
                0x00000000200001ac                UART_END_IDX
 .bss.UART_START_IDX
                0x00000000200001ad        0x1 Src/30010_io.o
                0x00000000200001ad                UART_START_IDX
 .bss.UART_COUNT
                0x00000000200001ae        0x1 Src/30010_io.o
                0x00000000200001ae                UART_COUNT
 *fill*         0x00000000200001af        0x1 
 .bss.ICValue1  0x00000000200001b0        0x4 Src/main.o
                0x00000000200001b0                ICValue1
 .bss.ICValue2  0x00000000200001b4        0x4 Src/main.o
                0x00000000200001b4                ICValue2
 .bss.ICValid   0x00000000200001b8        0x1 Src/main.o
                0x00000000200001b8                ICValid
 *fill*         0x00000000200001b9        0x3 
 .bss.heap_end.6585
                0x00000000200001bc        0x4 Src/sysmem.o
 .bss.__malloc_free_list
                0x00000000200001c0        0x4 c:/st/stm32cubeide_1.6.1/stm32cubeide/plugins/com.st.stm32cube.ide.mcu.externaltools.gnu-tools-for-stm32.9-2020-q2-update.win32_1.5.0.202011040924/tools/bin/../lib/gcc/arm-none-eabi/9.3.1/../../../../arm-none-eabi/lib/thumb/v7e-m+fp/hard\libc_nano.a(lib_a-nano-mallocr.o)
                0x00000000200001c0                __malloc_free_list
 .bss.__malloc_sbrk_start
                0x00000000200001c4        0x4 c:/st/stm32cubeide_1.6.1/stm32cubeide/plugins/com.st.stm32cube.ide.mcu.externaltools.gnu-tools-for-stm32.9-2020-q2-update.win32_1.5.0.202011040924/tools/bin/../lib/gcc/arm-none-eabi/9.3.1/../../../../arm-none-eabi/lib/thumb/v7e-m+fp/hard\libc_nano.a(lib_a-nano-mallocr.o)
                0x00000000200001c4                __malloc_sbrk_start
 *(COMMON)
 COMMON         0x00000000200001c8        0x9 c:/st/stm32cubeide_1.6.1/stm32cubeide/plugins/com.st.stm32cube.ide.mcu.externaltools.gnu-tools-for-stm32.9-2020-q2-update.win32_1.5.0.202011040924/tools/bin/../lib/gcc/arm-none-eabi/9.3.1/../../../../arm-none-eabi/lib/thumb/v7e-m+fp/hard\libc_nano.a(lib_a-lock.o)
                0x00000000200001c8                __lock___atexit_recursive_mutex
                0x00000000200001c9                __lock___arc4random_mutex
                0x00000000200001ca                __lock___env_recursive_mutex
                0x00000000200001cb                __lock___sinit_recursive_mutex
                0x00000000200001cc                __lock___malloc_recursive_mutex
                0x00000000200001cd                __lock___at_quick_exit_mutex
                0x00000000200001ce                __lock___dd_hash_mutex
                0x00000000200001cf                __lock___tz_mutex
                0x00000000200001d0                __lock___sfp_recursive_mutex
 *fill*         0x00000000200001d1        0x3 
 COMMON         0x00000000200001d4        0x4 c:/st/stm32cubeide_1.6.1/stm32cubeide/plugins/com.st.stm32cube.ide.mcu.externaltools.gnu-tools-for-stm32.9-2020-q2-update.win32_1.5.0.202011040924/tools/bin/../lib/gcc/arm-none-eabi/9.3.1/../../../../arm-none-eabi/lib/thumb/v7e-m+fp/hard\libc_nano.a(lib_a-reent.o)
                0x00000000200001d4                errno
                0x00000000200001d8                . = ALIGN (0x4)
                0x00000000200001d8                _ebss = .
                0x00000000200001d8                __bss_end__ = _ebss

._user_heap_stack
                0x00000000200001d8      0x600 load address 0x0000000008002ebc
                0x00000000200001d8                . = ALIGN (0x8)
                0x00000000200001d8                PROVIDE (end = .)
                [!provide]                        PROVIDE (_end = .)
                0x00000000200003d8                . = (. + _Min_Heap_Size)
 *fill*         0x00000000200001d8      0x200 
                0x00000000200007d8                . = (. + _Min_Stack_Size)
 *fill*         0x00000000200003d8      0x400 
                0x00000000200007d8                . = ALIGN (0x8)

/DISCARD/
 libc.a(*)
 libm.a(*)
 libgcc.a(*)

.ARM.attributes
                0x0000000000000000       0x30
 *(.ARM.attributes)
 .ARM.attributes
                0x0000000000000000       0x1e c:/st/stm32cubeide_1.6.1/stm32cubeide/plugins/com.st.stm32cube.ide.mcu.externaltools.gnu-tools-for-stm32.9-2020-q2-update.win32_1.5.0.202011040924/tools/bin/../lib/gcc/arm-none-eabi/9.3.1/thumb/v7e-m+fp/hard/crti.o
 .ARM.attributes
                0x000000000000001e       0x34 c:/st/stm32cubeide_1.6.1/stm32cubeide/plugins/com.st.stm32cube.ide.mcu.externaltools.gnu-tools-for-stm32.9-2020-q2-update.win32_1.5.0.202011040924/tools/bin/../lib/gcc/arm-none-eabi/9.3.1/thumb/v7e-m+fp/hard/crtbegin.o
 .ARM.attributes
                0x0000000000000052       0x34 SPL/src/stm32f30x_gpio.o
 .ARM.attributes
                0x0000000000000086       0x34 SPL/src/stm32f30x_misc.o
 .ARM.attributes
                0x00000000000000ba       0x34 SPL/src/stm32f30x_rcc.o
 .ARM.attributes
                0x00000000000000ee       0x34 SPL/src/stm32f30x_tim.o
 .ARM.attributes
                0x0000000000000122       0x34 SPL/src/stm32f30x_usart.o
 .ARM.attributes
                0x0000000000000156       0x34 Src/30010_io.o
 .ARM.attributes
                0x000000000000018a       0x34 Src/main.o
 .ARM.attributes
                0x00000000000001be       0x34 Src/syscalls.o
 .ARM.attributes
                0x00000000000001f2       0x34 Src/sysmem.o
 .ARM.attributes
                0x0000000000000226       0x34 Src/system_stm32f30x.o
 .ARM.attributes
                0x000000000000025a       0x21 Startup/startup_stm32f302r8tx.o
 .ARM.attributes
                0x000000000000027b       0x34 c:/st/stm32cubeide_1.6.1/stm32cubeide/plugins/com.st.stm32cube.ide.mcu.externaltools.gnu-tools-for-stm32.9-2020-q2-update.win32_1.5.0.202011040924/tools/bin/../lib/gcc/arm-none-eabi/9.3.1/../../../../arm-none-eabi/lib/thumb/v7e-m+fp/hard\libc_nano.a(lib_a-errno.o)
 .ARM.attributes
                0x00000000000002af       0x32 c:/st/stm32cubeide_1.6.1/stm32cubeide/plugins/com.st.stm32cube.ide.mcu.externaltools.gnu-tools-for-stm32.9-2020-q2-update.win32_1.5.0.202011040924/tools/bin/../lib/gcc/arm-none-eabi/9.3.1/../../../../arm-none-eabi/lib/thumb/v7e-m+fp/hard\libc_nano.a(lib_a-impure.o)
 .ARM.attributes
                0x00000000000002e1       0x34 c:/st/stm32cubeide_1.6.1/stm32cubeide/plugins/com.st.stm32cube.ide.mcu.externaltools.gnu-tools-for-stm32.9-2020-q2-update.win32_1.5.0.202011040924/tools/bin/../lib/gcc/arm-none-eabi/9.3.1/../../../../arm-none-eabi/lib/thumb/v7e-m+fp/hard\libc_nano.a(lib_a-init.o)
 .ARM.attributes
                0x0000000000000315       0x34 c:/st/stm32cubeide_1.6.1/stm32cubeide/plugins/com.st.stm32cube.ide.mcu.externaltools.gnu-tools-for-stm32.9-2020-q2-update.win32_1.5.0.202011040924/tools/bin/../lib/gcc/arm-none-eabi/9.3.1/../../../../arm-none-eabi/lib/thumb/v7e-m+fp/hard\libc_nano.a(lib_a-memset.o)
 .ARM.attributes
                0x0000000000000349       0x34 c:/st/stm32cubeide_1.6.1/stm32cubeide/plugins/com.st.stm32cube.ide.mcu.externaltools.gnu-tools-for-stm32.9-2020-q2-update.win32_1.5.0.202011040924/tools/bin/../lib/gcc/arm-none-eabi/9.3.1/../../../../arm-none-eabi/lib/thumb/v7e-m+fp/hard\libc_nano.a(lib_a-printf.o)
 .ARM.attributes
                0x000000000000037d       0x34 c:/st/stm32cubeide_1.6.1/stm32cubeide/plugins/com.st.stm32cube.ide.mcu.externaltools.gnu-tools-for-stm32.9-2020-q2-update.win32_1.5.0.202011040924/tools/bin/../lib/gcc/arm-none-eabi/9.3.1/../../../../arm-none-eabi/lib/thumb/v7e-m+fp/hard\libc_nano.a(lib_a-puts.o)
 .ARM.attributes
                0x00000000000003b1       0x34 c:/st/stm32cubeide_1.6.1/stm32cubeide/plugins/com.st.stm32cube.ide.mcu.externaltools.gnu-tools-for-stm32.9-2020-q2-update.win32_1.5.0.202011040924/tools/bin/../lib/gcc/arm-none-eabi/9.3.1/../../../../arm-none-eabi/lib/thumb/v7e-m+fp/hard\libc_nano.a(lib_a-setbuf.o)
 .ARM.attributes
                0x00000000000003e5       0x34 c:/st/stm32cubeide_1.6.1/stm32cubeide/plugins/com.st.stm32cube.ide.mcu.externaltools.gnu-tools-for-stm32.9-2020-q2-update.win32_1.5.0.202011040924/tools/bin/../lib/gcc/arm-none-eabi/9.3.1/../../../../arm-none-eabi/lib/thumb/v7e-m+fp/hard\libc_nano.a(lib_a-setvbuf.o)
 .ARM.attributes
                0x0000000000000419       0x34 c:/st/stm32cubeide_1.6.1/stm32cubeide/plugins/com.st.stm32cube.ide.mcu.externaltools.gnu-tools-for-stm32.9-2020-q2-update.win32_1.5.0.202011040924/tools/bin/../lib/gcc/arm-none-eabi/9.3.1/../../../../arm-none-eabi/lib/thumb/v7e-m+fp/hard\libc_nano.a(lib_a-wbuf.o)
 .ARM.attributes
                0x000000000000044d       0x34 c:/st/stm32cubeide_1.6.1/stm32cubeide/plugins/com.st.stm32cube.ide.mcu.externaltools.gnu-tools-for-stm32.9-2020-q2-update.win32_1.5.0.202011040924/tools/bin/../lib/gcc/arm-none-eabi/9.3.1/../../../../arm-none-eabi/lib/thumb/v7e-m+fp/hard\libc_nano.a(lib_a-wsetup.o)
 .ARM.attributes
                0x0000000000000481       0x34 c:/st/stm32cubeide_1.6.1/stm32cubeide/plugins/com.st.stm32cube.ide.mcu.externaltools.gnu-tools-for-stm32.9-2020-q2-update.win32_1.5.0.202011040924/tools/bin/../lib/gcc/arm-none-eabi/9.3.1/../../../../arm-none-eabi/lib/thumb/v7e-m+fp/hard\libc_nano.a(lib_a-fflush.o)
 .ARM.attributes
                0x00000000000004b5       0x34 c:/st/stm32cubeide_1.6.1/stm32cubeide/plugins/com.st.stm32cube.ide.mcu.externaltools.gnu-tools-for-stm32.9-2020-q2-update.win32_1.5.0.202011040924/tools/bin/../lib/gcc/arm-none-eabi/9.3.1/../../../../arm-none-eabi/lib/thumb/v7e-m+fp/hard\libc_nano.a(lib_a-findfp.o)
 .ARM.attributes
                0x00000000000004e9       0x34 c:/st/stm32cubeide_1.6.1/stm32cubeide/plugins/com.st.stm32cube.ide.mcu.externaltools.gnu-tools-for-stm32.9-2020-q2-update.win32_1.5.0.202011040924/tools/bin/../lib/gcc/arm-none-eabi/9.3.1/../../../../arm-none-eabi/lib/thumb/v7e-m+fp/hard\libc_nano.a(lib_a-fwalk.o)
 .ARM.attributes
                0x000000000000051d       0x34 c:/st/stm32cubeide_1.6.1/stm32cubeide/plugins/com.st.stm32cube.ide.mcu.externaltools.gnu-tools-for-stm32.9-2020-q2-update.win32_1.5.0.202011040924/tools/bin/../lib/gcc/arm-none-eabi/9.3.1/../../../../arm-none-eabi/lib/thumb/v7e-m+fp/hard\libc_nano.a(lib_a-lock.o)
 .ARM.attributes
                0x0000000000000551       0x34 c:/st/stm32cubeide_1.6.1/stm32cubeide/plugins/com.st.stm32cube.ide.mcu.externaltools.gnu-tools-for-stm32.9-2020-q2-update.win32_1.5.0.202011040924/tools/bin/../lib/gcc/arm-none-eabi/9.3.1/../../../../arm-none-eabi/lib/thumb/v7e-m+fp/hard\libc_nano.a(lib_a-makebuf.o)
 .ARM.attributes
                0x0000000000000585       0x34 c:/st/stm32cubeide_1.6.1/stm32cubeide/plugins/com.st.stm32cube.ide.mcu.externaltools.gnu-tools-for-stm32.9-2020-q2-update.win32_1.5.0.202011040924/tools/bin/../lib/gcc/arm-none-eabi/9.3.1/../../../../arm-none-eabi/lib/thumb/v7e-m+fp/hard\libc_nano.a(lib_a-malloc.o)
 .ARM.attributes
                0x00000000000005b9       0x34 c:/st/stm32cubeide_1.6.1/stm32cubeide/plugins/com.st.stm32cube.ide.mcu.externaltools.gnu-tools-for-stm32.9-2020-q2-update.win32_1.5.0.202011040924/tools/bin/../lib/gcc/arm-none-eabi/9.3.1/../../../../arm-none-eabi/lib/thumb/v7e-m+fp/hard\libc_nano.a(lib_a-nano-freer.o)
 .ARM.attributes
                0x00000000000005ed       0x34 c:/st/stm32cubeide_1.6.1/stm32cubeide/plugins/com.st.stm32cube.ide.mcu.externaltools.gnu-tools-for-stm32.9-2020-q2-update.win32_1.5.0.202011040924/tools/bin/../lib/gcc/arm-none-eabi/9.3.1/../../../../arm-none-eabi/lib/thumb/v7e-m+fp/hard\libc_nano.a(lib_a-nano-mallocr.o)
 .ARM.attributes
                0x0000000000000621       0x34 c:/st/stm32cubeide_1.6.1/stm32cubeide/plugins/com.st.stm32cube.ide.mcu.externaltools.gnu-tools-for-stm32.9-2020-q2-update.win32_1.5.0.202011040924/tools/bin/../lib/gcc/arm-none-eabi/9.3.1/../../../../arm-none-eabi/lib/thumb/v7e-m+fp/hard\libc_nano.a(lib_a-nano-vfprintf.o)
 .ARM.attributes
                0x0000000000000655       0x34 c:/st/stm32cubeide_1.6.1/stm32cubeide/plugins/com.st.stm32cube.ide.mcu.externaltools.gnu-tools-for-stm32.9-2020-q2-update.win32_1.5.0.202011040924/tools/bin/../lib/gcc/arm-none-eabi/9.3.1/../../../../arm-none-eabi/lib/thumb/v7e-m+fp/hard\libc_nano.a(lib_a-nano-vfprintf_i.o)
 .ARM.attributes
                0x0000000000000689       0x34 c:/st/stm32cubeide_1.6.1/stm32cubeide/plugins/com.st.stm32cube.ide.mcu.externaltools.gnu-tools-for-stm32.9-2020-q2-update.win32_1.5.0.202011040924/tools/bin/../lib/gcc/arm-none-eabi/9.3.1/../../../../arm-none-eabi/lib/thumb/v7e-m+fp/hard\libc_nano.a(lib_a-sbrkr.o)
 .ARM.attributes
                0x00000000000006bd       0x34 c:/st/stm32cubeide_1.6.1/stm32cubeide/plugins/com.st.stm32cube.ide.mcu.externaltools.gnu-tools-for-stm32.9-2020-q2-update.win32_1.5.0.202011040924/tools/bin/../lib/gcc/arm-none-eabi/9.3.1/../../../../arm-none-eabi/lib/thumb/v7e-m+fp/hard\libc_nano.a(lib_a-stdio.o)
 .ARM.attributes
                0x00000000000006f1       0x34 c:/st/stm32cubeide_1.6.1/stm32cubeide/plugins/com.st.stm32cube.ide.mcu.externaltools.gnu-tools-for-stm32.9-2020-q2-update.win32_1.5.0.202011040924/tools/bin/../lib/gcc/arm-none-eabi/9.3.1/../../../../arm-none-eabi/lib/thumb/v7e-m+fp/hard\libc_nano.a(lib_a-closer.o)
 .ARM.attributes
                0x0000000000000725       0x34 c:/st/stm32cubeide_1.6.1/stm32cubeide/plugins/com.st.stm32cube.ide.mcu.externaltools.gnu-tools-for-stm32.9-2020-q2-update.win32_1.5.0.202011040924/tools/bin/../lib/gcc/arm-none-eabi/9.3.1/../../../../arm-none-eabi/lib/thumb/v7e-m+fp/hard\libc_nano.a(lib_a-fstatr.o)
 .ARM.attributes
                0x0000000000000759       0x34 c:/st/stm32cubeide_1.6.1/stm32cubeide/plugins/com.st.stm32cube.ide.mcu.externaltools.gnu-tools-for-stm32.9-2020-q2-update.win32_1.5.0.202011040924/tools/bin/../lib/gcc/arm-none-eabi/9.3.1/../../../../arm-none-eabi/lib/thumb/v7e-m+fp/hard\libc_nano.a(lib_a-isattyr.o)
 .ARM.attributes
                0x000000000000078d       0x34 c:/st/stm32cubeide_1.6.1/stm32cubeide/plugins/com.st.stm32cube.ide.mcu.externaltools.gnu-tools-for-stm32.9-2020-q2-update.win32_1.5.0.202011040924/tools/bin/../lib/gcc/arm-none-eabi/9.3.1/../../../../arm-none-eabi/lib/thumb/v7e-m+fp/hard\libc_nano.a(lib_a-lseekr.o)
 .ARM.attributes
                0x00000000000007c1       0x1c c:/st/stm32cubeide_1.6.1/stm32cubeide/plugins/com.st.stm32cube.ide.mcu.externaltools.gnu-tools-for-stm32.9-2020-q2-update.win32_1.5.0.202011040924/tools/bin/../lib/gcc/arm-none-eabi/9.3.1/../../../../arm-none-eabi/lib/thumb/v7e-m+fp/hard\libc_nano.a(lib_a-memchr.o)
 .ARM.attributes
                0x00000000000007dd       0x34 c:/st/stm32cubeide_1.6.1/stm32cubeide/plugins/com.st.stm32cube.ide.mcu.externaltools.gnu-tools-for-stm32.9-2020-q2-update.win32_1.5.0.202011040924/tools/bin/../lib/gcc/arm-none-eabi/9.3.1/../../../../arm-none-eabi/lib/thumb/v7e-m+fp/hard\libc_nano.a(lib_a-mlock.o)
 .ARM.attributes
                0x0000000000000811       0x34 c:/st/stm32cubeide_1.6.1/stm32cubeide/plugins/com.st.stm32cube.ide.mcu.externaltools.gnu-tools-for-stm32.9-2020-q2-update.win32_1.5.0.202011040924/tools/bin/../lib/gcc/arm-none-eabi/9.3.1/../../../../arm-none-eabi/lib/thumb/v7e-m+fp/hard\libc_nano.a(lib_a-readr.o)
 .ARM.attributes
                0x0000000000000845       0x34 c:/st/stm32cubeide_1.6.1/stm32cubeide/plugins/com.st.stm32cube.ide.mcu.externaltools.gnu-tools-for-stm32.9-2020-q2-update.win32_1.5.0.202011040924/tools/bin/../lib/gcc/arm-none-eabi/9.3.1/../../../../arm-none-eabi/lib/thumb/v7e-m+fp/hard\libc_nano.a(lib_a-reent.o)
 .ARM.attributes
                0x0000000000000879       0x1e c:/st/stm32cubeide_1.6.1/stm32cubeide/plugins/com.st.stm32cube.ide.mcu.externaltools.gnu-tools-for-stm32.9-2020-q2-update.win32_1.5.0.202011040924/tools/bin/../lib/gcc/arm-none-eabi/9.3.1/thumb/v7e-m+fp/hard/crtn.o
OUTPUT(Assignment1PWM.elf elf32-littlearm)
LOAD linker stubs
LOAD c:/st/stm32cubeide_1.6.1/stm32cubeide/plugins/com.st.stm32cube.ide.mcu.externaltools.gnu-tools-for-stm32.9-2020-q2-update.win32_1.5.0.202011040924/tools/bin/../lib/gcc/arm-none-eabi/9.3.1/../../../../arm-none-eabi/lib/thumb/v7e-m+fp/hard\libc.a
LOAD c:/st/stm32cubeide_1.6.1/stm32cubeide/plugins/com.st.stm32cube.ide.mcu.externaltools.gnu-tools-for-stm32.9-2020-q2-update.win32_1.5.0.202011040924/tools/bin/../lib/gcc/arm-none-eabi/9.3.1/../../../../arm-none-eabi/lib/thumb/v7e-m+fp/hard\libm.a
LOAD c:/st/stm32cubeide_1.6.1/stm32cubeide/plugins/com.st.stm32cube.ide.mcu.externaltools.gnu-tools-for-stm32.9-2020-q2-update.win32_1.5.0.202011040924/tools/bin/../lib/gcc/arm-none-eabi/9.3.1/thumb/v7e-m+fp/hard\libgcc.a

.debug_info     0x0000000000000000     0x93ff
 .debug_info    0x0000000000000000      0x679 SPL/src/stm32f30x_gpio.o
 .debug_info    0x0000000000000679      0x596 SPL/src/stm32f30x_misc.o
 .debug_info    0x0000000000000c0f      0xb79 SPL/src/stm32f30x_rcc.o
 .debug_info    0x0000000000001788     0x2398 SPL/src/stm32f30x_tim.o
 .debug_info    0x0000000000003b20      0xfb2 SPL/src/stm32f30x_usart.o
 .debug_info    0x0000000000004ad2     0x1415 Src/30010_io.o
 .debug_info    0x0000000000005ee7     0x16e0 Src/main.o
 .debug_info    0x00000000000075c7      0xfb4 Src/syscalls.o
 .debug_info    0x000000000000857b      0x9b5 Src/sysmem.o
 .debug_info    0x0000000000008f30      0x4ad Src/system_stm32f30x.o
 .debug_info    0x00000000000093dd       0x22 Startup/startup_stm32f302r8tx.o

.debug_abbrev   0x0000000000000000     0x1598
 .debug_abbrev  0x0000000000000000      0x1d8 SPL/src/stm32f30x_gpio.o
 .debug_abbrev  0x00000000000001d8      0x199 SPL/src/stm32f30x_misc.o
 .debug_abbrev  0x0000000000000371      0x229 SPL/src/stm32f30x_rcc.o
 .debug_abbrev  0x000000000000059a      0x1c5 SPL/src/stm32f30x_tim.o
 .debug_abbrev  0x000000000000075f      0x1ab SPL/src/stm32f30x_usart.o
 .debug_abbrev  0x000000000000090a      0x375 Src/30010_io.o
 .debug_abbrev  0x0000000000000c7f      0x339 Src/main.o
 .debug_abbrev  0x0000000000000fb8      0x297 Src/syscalls.o
 .debug_abbrev  0x000000000000124f      0x1e3 Src/sysmem.o
 .debug_abbrev  0x0000000000001432      0x154 Src/system_stm32f30x.o
 .debug_abbrev  0x0000000000001586       0x12 Startup/startup_stm32f302r8tx.o

.debug_aranges  0x0000000000000000      0x960
 .debug_aranges
                0x0000000000000000       0x80 SPL/src/stm32f30x_gpio.o
 .debug_aranges
                0x0000000000000080       0x40 SPL/src/stm32f30x_misc.o
 .debug_aranges
                0x00000000000000c0      0x150 SPL/src/stm32f30x_rcc.o
 .debug_aranges
                0x0000000000000210      0x3a8 SPL/src/stm32f30x_tim.o
 .debug_aranges
                0x00000000000005b8      0x1a0 SPL/src/stm32f30x_usart.o
 .debug_aranges
                0x0000000000000758       0x78 Src/30010_io.o
 .debug_aranges
                0x00000000000007d0       0x70 Src/main.o
 .debug_aranges
                0x0000000000000840       0xa8 Src/syscalls.o
 .debug_aranges
                0x00000000000008e8       0x20 Src/sysmem.o
 .debug_aranges
                0x0000000000000908       0x30 Src/system_stm32f30x.o
 .debug_aranges
                0x0000000000000938       0x28 Startup/startup_stm32f302r8tx.o

.debug_ranges   0x0000000000000000      0x8b8
 .debug_ranges  0x0000000000000000       0x70 SPL/src/stm32f30x_gpio.o
 .debug_ranges  0x0000000000000070       0x30 SPL/src/stm32f30x_misc.o
 .debug_ranges  0x00000000000000a0      0x140 SPL/src/stm32f30x_rcc.o
 .debug_ranges  0x00000000000001e0      0x398 SPL/src/stm32f30x_tim.o
 .debug_ranges  0x0000000000000578      0x190 SPL/src/stm32f30x_usart.o
 .debug_ranges  0x0000000000000708       0x68 Src/30010_io.o
 .debug_ranges  0x0000000000000770       0x60 Src/main.o
 .debug_ranges  0x00000000000007d0       0x98 Src/syscalls.o
 .debug_ranges  0x0000000000000868       0x10 Src/sysmem.o
 .debug_ranges  0x0000000000000878       0x20 Src/system_stm32f30x.o
 .debug_ranges  0x0000000000000898       0x20 Startup/startup_stm32f302r8tx.o

.debug_macro    0x0000000000000000     0x4581
 .debug_macro   0x0000000000000000      0x19b SPL/src/stm32f30x_gpio.o
 .debug_macro   0x000000000000019b      0x1b0 SPL/src/stm32f30x_gpio.o
 .debug_macro   0x000000000000034b      0x1a1 SPL/src/stm32f30x_misc.o
 .debug_macro   0x00000000000004ec       0x83 SPL/src/stm32f30x_misc.o
 .debug_macro   0x000000000000056f      0x238 SPL/src/stm32f30x_rcc.o
 .debug_macro   0x00000000000007a7      0x5c0 SPL/src/stm32f30x_rcc.o
 .debug_macro   0x0000000000000d67      0x1c5 SPL/src/stm32f30x_tim.o
 .debug_macro   0x0000000000000f2c      0x8d2 SPL/src/stm32f30x_tim.o
 .debug_macro   0x00000000000017fe      0x1b3 SPL/src/stm32f30x_usart.o
 .debug_macro   0x00000000000019b1      0x35e SPL/src/stm32f30x_usart.o
 .debug_macro   0x0000000000001d0f      0x305 Src/30010_io.o
 .debug_macro   0x0000000000002014       0x52 Src/30010_io.o
 .debug_macro   0x0000000000002066       0x18 Src/30010_io.o
 .debug_macro   0x000000000000207e       0x3c Src/30010_io.o
 .debug_macro   0x00000000000020ba       0x34 Src/30010_io.o
 .debug_macro   0x00000000000020ee       0x16 Src/30010_io.o
 .debug_macro   0x0000000000002104       0x97 Src/30010_io.o
 .debug_macro   0x000000000000219b      0x339 Src/30010_io.o
 .debug_macro   0x00000000000024d4       0xfd Src/30010_io.o
 .debug_macro   0x00000000000025d1       0x10 Src/30010_io.o
 .debug_macro   0x00000000000025e1       0x16 Src/30010_io.o
 .debug_macro   0x00000000000025f7       0x43 Src/30010_io.o
 .debug_macro   0x000000000000263a       0x34 Src/30010_io.o
 .debug_macro   0x000000000000266e       0x10 Src/30010_io.o
 .debug_macro   0x000000000000267e       0x58 Src/30010_io.o
 .debug_macro   0x00000000000026d6       0x71 Src/30010_io.o
 .debug_macro   0x0000000000002747       0x1c Src/30010_io.o
 .debug_macro   0x0000000000002763      0x12a Src/30010_io.o
 .debug_macro   0x000000000000288d       0x10 Src/30010_io.o
 .debug_macro   0x000000000000289d       0x1c Src/30010_io.o
 .debug_macro   0x00000000000028b9       0x52 Src/30010_io.o
 .debug_macro   0x000000000000290b       0x22 Src/30010_io.o
 .debug_macro   0x000000000000292d       0x10 Src/30010_io.o
 .debug_macro   0x000000000000293d       0x40 Src/30010_io.o
 .debug_macro   0x000000000000297d       0xd5 Src/30010_io.o
 .debug_macro   0x0000000000002a52       0x1c Src/30010_io.o
 .debug_macro   0x0000000000002a6e       0x3d Src/30010_io.o
 .debug_macro   0x0000000000002aab       0x16 Src/30010_io.o
 .debug_macro   0x0000000000002ac1      0x145 Src/30010_io.o
 .debug_macro   0x0000000000002c06      0x38c Src/main.o
 .debug_macro   0x0000000000002f92       0x10 Src/main.o
 .debug_macro   0x0000000000002fa2       0x35 Src/main.o
 .debug_macro   0x0000000000002fd7      0x460 Src/main.o
 .debug_macro   0x0000000000003437      0x24c Src/syscalls.o
 .debug_macro   0x0000000000003683       0x4c Src/syscalls.o
 .debug_macro   0x00000000000036cf       0x94 Src/syscalls.o
 .debug_macro   0x0000000000003763       0x57 Src/syscalls.o
 .debug_macro   0x00000000000037ba      0x174 Src/syscalls.o
 .debug_macro   0x000000000000392e       0x10 Src/syscalls.o
 .debug_macro   0x000000000000393e       0x10 Src/syscalls.o
 .debug_macro   0x000000000000394e       0x10 Src/syscalls.o
 .debug_macro   0x000000000000395e       0x35 Src/syscalls.o
 .debug_macro   0x0000000000003993      0x12c Src/syscalls.o
 .debug_macro   0x0000000000003abf       0x16 Src/syscalls.o
 .debug_macro   0x0000000000003ad5       0x16 Src/syscalls.o
 .debug_macro   0x0000000000003aeb       0x29 Src/syscalls.o
 .debug_macro   0x0000000000003b14       0x10 Src/syscalls.o
 .debug_macro   0x0000000000003b24      0x241 Src/syscalls.o
 .debug_macro   0x0000000000003d65       0x1c Src/syscalls.o
 .debug_macro   0x0000000000003d81       0x10 Src/syscalls.o
 .debug_macro   0x0000000000003d91      0x189 Src/syscalls.o
 .debug_macro   0x0000000000003f1a       0x16 Src/syscalls.o
 .debug_macro   0x0000000000003f30       0xce Src/syscalls.o
 .debug_macro   0x0000000000003ffe      0x1b1 Src/sysmem.o
 .debug_macro   0x00000000000041af      0x23b Src/sysmem.o
 .debug_macro   0x00000000000043ea      0x197 Src/system_stm32f30x.o

.debug_line     0x0000000000000000     0x74a5
 .debug_line    0x0000000000000000      0x948 SPL/src/stm32f30x_gpio.o
 .debug_line    0x0000000000000948      0x7ab SPL/src/stm32f30x_misc.o
 .debug_line    0x00000000000010f3      0xea8 SPL/src/stm32f30x_rcc.o
 .debug_line    0x0000000000001f9b     0x1990 SPL/src/stm32f30x_tim.o
 .debug_line    0x000000000000392b      0xdf6 SPL/src/stm32f30x_usart.o
 .debug_line    0x0000000000004721      0xc25 Src/30010_io.o
 .debug_line    0x0000000000005346      0xba9 Src/main.o
 .debug_line    0x0000000000005eef      0x7fd Src/syscalls.o
 .debug_line    0x00000000000066ec      0x585 Src/sysmem.o
 .debug_line    0x0000000000006c71      0x7b0 Src/system_stm32f30x.o
 .debug_line    0x0000000000007421       0x84 Startup/startup_stm32f302r8tx.o

.debug_str      0x0000000000000000    0x5c45c
 .debug_str     0x0000000000000000    0x52db7 SPL/src/stm32f30x_gpio.o
                                      0x52f72 (size before relaxing)
 .debug_str     0x0000000000052db7      0x254 SPL/src/stm32f30x_misc.o
                                      0x52ecb (size before relaxing)
 .debug_str     0x000000000005300b      0xa5b SPL/src/stm32f30x_rcc.o
                                      0x53726 (size before relaxing)
 .debug_str     0x0000000000053a66      0xe00 SPL/src/stm32f30x_tim.o
                                      0x53b19 (size before relaxing)
 .debug_str     0x0000000000054866      0x7ef SPL/src/stm32f30x_usart.o
                                      0x535fa (size before relaxing)
 .debug_str     0x0000000000055055     0x488d Src/30010_io.o
                                      0x57878 (size before relaxing)
 .debug_str     0x00000000000598e2     0x1307 Src/main.o
                                      0x58c14 (size before relaxing)
 .debug_str     0x000000000005abe9     0x173c Src/syscalls.o
                                       0x8f13 (size before relaxing)
 .debug_str     0x000000000005c325       0x31 Src/sysmem.o
                                       0x7be9 (size before relaxing)
 .debug_str     0x000000000005c356       0x7f Src/system_stm32f30x.o
                                      0x52da8 (size before relaxing)
 .debug_str     0x000000000005c3d5       0x87 Startup/startup_stm32f302r8tx.o

.comment        0x0000000000000000       0x53
 .comment       0x0000000000000000       0x53 SPL/src/stm32f30x_gpio.o
                                         0x54 (size before relaxing)
 .comment       0x0000000000000053       0x54 SPL/src/stm32f30x_misc.o
 .comment       0x0000000000000053       0x54 SPL/src/stm32f30x_rcc.o
 .comment       0x0000000000000053       0x54 SPL/src/stm32f30x_tim.o
 .comment       0x0000000000000053       0x54 SPL/src/stm32f30x_usart.o
 .comment       0x0000000000000053       0x54 Src/30010_io.o
 .comment       0x0000000000000053       0x54 Src/main.o
 .comment       0x0000000000000053       0x54 Src/syscalls.o
 .comment       0x0000000000000053       0x54 Src/sysmem.o
 .comment       0x0000000000000053       0x54 Src/system_stm32f30x.o

.debug_frame    0x0000000000000000     0x31b4
 .debug_frame   0x0000000000000000      0x214 SPL/src/stm32f30x_gpio.o
 .debug_frame   0x0000000000000214       0xd8 SPL/src/stm32f30x_misc.o
 .debug_frame   0x00000000000002ec      0x60c SPL/src/stm32f30x_rcc.o
 .debug_frame   0x00000000000008f8     0x11c4 SPL/src/stm32f30x_tim.o
 .debug_frame   0x0000000000001abc      0x7b0 SPL/src/stm32f30x_usart.o
 .debug_frame   0x000000000000226c      0x1b4 Src/30010_io.o
 .debug_frame   0x0000000000002420      0x19c Src/main.o
 .debug_frame   0x00000000000025bc      0x2ac Src/syscalls.o
 .debug_frame   0x0000000000002868       0x34 Src/sysmem.o
 .debug_frame   0x000000000000289c       0x74 Src/system_stm32f30x.o
 .debug_frame   0x0000000000002910       0x20 c:/st/stm32cubeide_1.6.1/stm32cubeide/plugins/com.st.stm32cube.ide.mcu.externaltools.gnu-tools-for-stm32.9-2020-q2-update.win32_1.5.0.202011040924/tools/bin/../lib/gcc/arm-none-eabi/9.3.1/../../../../arm-none-eabi/lib/thumb/v7e-m+fp/hard\libc_nano.a(lib_a-errno.o)
 .debug_frame   0x0000000000002930       0x2c c:/st/stm32cubeide_1.6.1/stm32cubeide/plugins/com.st.stm32cube.ide.mcu.externaltools.gnu-tools-for-stm32.9-2020-q2-update.win32_1.5.0.202011040924/tools/bin/../lib/gcc/arm-none-eabi/9.3.1/../../../../arm-none-eabi/lib/thumb/v7e-m+fp/hard\libc_nano.a(lib_a-init.o)
 .debug_frame   0x000000000000295c       0x20 c:/st/stm32cubeide_1.6.1/stm32cubeide/plugins/com.st.stm32cube.ide.mcu.externaltools.gnu-tools-for-stm32.9-2020-q2-update.win32_1.5.0.202011040924/tools/bin/../lib/gcc/arm-none-eabi/9.3.1/../../../../arm-none-eabi/lib/thumb/v7e-m+fp/hard\libc_nano.a(lib_a-memset.o)
 .debug_frame   0x000000000000297c       0x74 c:/st/stm32cubeide_1.6.1/stm32cubeide/plugins/com.st.stm32cube.ide.mcu.externaltools.gnu-tools-for-stm32.9-2020-q2-update.win32_1.5.0.202011040924/tools/bin/../lib/gcc/arm-none-eabi/9.3.1/../../../../arm-none-eabi/lib/thumb/v7e-m+fp/hard\libc_nano.a(lib_a-printf.o)
 .debug_frame   0x00000000000029f0       0x3c c:/st/stm32cubeide_1.6.1/stm32cubeide/plugins/com.st.stm32cube.ide.mcu.externaltools.gnu-tools-for-stm32.9-2020-q2-update.win32_1.5.0.202011040924/tools/bin/../lib/gcc/arm-none-eabi/9.3.1/../../../../arm-none-eabi/lib/thumb/v7e-m+fp/hard\libc_nano.a(lib_a-puts.o)
 .debug_frame   0x0000000000002a2c       0x20 c:/st/stm32cubeide_1.6.1/stm32cubeide/plugins/com.st.stm32cube.ide.mcu.externaltools.gnu-tools-for-stm32.9-2020-q2-update.win32_1.5.0.202011040924/tools/bin/../lib/gcc/arm-none-eabi/9.3.1/../../../../arm-none-eabi/lib/thumb/v7e-m+fp/hard\libc_nano.a(lib_a-setbuf.o)
 .debug_frame   0x0000000000002a4c       0x38 c:/st/stm32cubeide_1.6.1/stm32cubeide/plugins/com.st.stm32cube.ide.mcu.externaltools.gnu-tools-for-stm32.9-2020-q2-update.win32_1.5.0.202011040924/tools/bin/../lib/gcc/arm-none-eabi/9.3.1/../../../../arm-none-eabi/lib/thumb/v7e-m+fp/hard\libc_nano.a(lib_a-setvbuf.o)
 .debug_frame   0x0000000000002a84       0x40 c:/st/stm32cubeide_1.6.1/stm32cubeide/plugins/com.st.stm32cube.ide.mcu.externaltools.gnu-tools-for-stm32.9-2020-q2-update.win32_1.5.0.202011040924/tools/bin/../lib/gcc/arm-none-eabi/9.3.1/../../../../arm-none-eabi/lib/thumb/v7e-m+fp/hard\libc_nano.a(lib_a-wbuf.o)
 .debug_frame   0x0000000000002ac4       0x2c c:/st/stm32cubeide_1.6.1/stm32cubeide/plugins/com.st.stm32cube.ide.mcu.externaltools.gnu-tools-for-stm32.9-2020-q2-update.win32_1.5.0.202011040924/tools/bin/../lib/gcc/arm-none-eabi/9.3.1/../../../../arm-none-eabi/lib/thumb/v7e-m+fp/hard\libc_nano.a(lib_a-wsetup.o)
 .debug_frame   0x0000000000002af0       0x5c c:/st/stm32cubeide_1.6.1/stm32cubeide/plugins/com.st.stm32cube.ide.mcu.externaltools.gnu-tools-for-stm32.9-2020-q2-update.win32_1.5.0.202011040924/tools/bin/../lib/gcc/arm-none-eabi/9.3.1/../../../../arm-none-eabi/lib/thumb/v7e-m+fp/hard\libc_nano.a(lib_a-fflush.o)
 .debug_frame   0x0000000000002b4c      0x14c c:/st/stm32cubeide_1.6.1/stm32cubeide/plugins/com.st.stm32cube.ide.mcu.externaltools.gnu-tools-for-stm32.9-2020-q2-update.win32_1.5.0.202011040924/tools/bin/../lib/gcc/arm-none-eabi/9.3.1/../../../../arm-none-eabi/lib/thumb/v7e-m+fp/hard\libc_nano.a(lib_a-findfp.o)
 .debug_frame   0x0000000000002c98       0x54 c:/st/stm32cubeide_1.6.1/stm32cubeide/plugins/com.st.stm32cube.ide.mcu.externaltools.gnu-tools-for-stm32.9-2020-q2-update.win32_1.5.0.202011040924/tools/bin/../lib/gcc/arm-none-eabi/9.3.1/../../../../arm-none-eabi/lib/thumb/v7e-m+fp/hard\libc_nano.a(lib_a-fwalk.o)
 .debug_frame   0x0000000000002cec       0xb0 c:/st/stm32cubeide_1.6.1/stm32cubeide/plugins/com.st.stm32cube.ide.mcu.externaltools.gnu-tools-for-stm32.9-2020-q2-update.win32_1.5.0.202011040924/tools/bin/../lib/gcc/arm-none-eabi/9.3.1/../../../../arm-none-eabi/lib/thumb/v7e-m+fp/hard\libc_nano.a(lib_a-lock.o)
 .debug_frame   0x0000000000002d9c       0x58 c:/st/stm32cubeide_1.6.1/stm32cubeide/plugins/com.st.stm32cube.ide.mcu.externaltools.gnu-tools-for-stm32.9-2020-q2-update.win32_1.5.0.202011040924/tools/bin/../lib/gcc/arm-none-eabi/9.3.1/../../../../arm-none-eabi/lib/thumb/v7e-m+fp/hard\libc_nano.a(lib_a-makebuf.o)
 .debug_frame   0x0000000000002df4       0x30 c:/st/stm32cubeide_1.6.1/stm32cubeide/plugins/com.st.stm32cube.ide.mcu.externaltools.gnu-tools-for-stm32.9-2020-q2-update.win32_1.5.0.202011040924/tools/bin/../lib/gcc/arm-none-eabi/9.3.1/../../../../arm-none-eabi/lib/thumb/v7e-m+fp/hard\libc_nano.a(lib_a-malloc.o)
 .debug_frame   0x0000000000002e24       0x38 c:/st/stm32cubeide_1.6.1/stm32cubeide/plugins/com.st.stm32cube.ide.mcu.externaltools.gnu-tools-for-stm32.9-2020-q2-update.win32_1.5.0.202011040924/tools/bin/../lib/gcc/arm-none-eabi/9.3.1/../../../../arm-none-eabi/lib/thumb/v7e-m+fp/hard\libc_nano.a(lib_a-nano-freer.o)
 .debug_frame   0x0000000000002e5c       0x30 c:/st/stm32cubeide_1.6.1/stm32cubeide/plugins/com.st.stm32cube.ide.mcu.externaltools.gnu-tools-for-stm32.9-2020-q2-update.win32_1.5.0.202011040924/tools/bin/../lib/gcc/arm-none-eabi/9.3.1/../../../../arm-none-eabi/lib/thumb/v7e-m+fp/hard\libc_nano.a(lib_a-nano-mallocr.o)
 .debug_frame   0x0000000000002e8c       0xac c:/st/stm32cubeide_1.6.1/stm32cubeide/plugins/com.st.stm32cube.ide.mcu.externaltools.gnu-tools-for-stm32.9-2020-q2-update.win32_1.5.0.202011040924/tools/bin/../lib/gcc/arm-none-eabi/9.3.1/../../../../arm-none-eabi/lib/thumb/v7e-m+fp/hard\libc_nano.a(lib_a-nano-vfprintf.o)
 .debug_frame   0x0000000000002f38       0x60 c:/st/stm32cubeide_1.6.1/stm32cubeide/plugins/com.st.stm32cube.ide.mcu.externaltools.gnu-tools-for-stm32.9-2020-q2-update.win32_1.5.0.202011040924/tools/bin/../lib/gcc/arm-none-eabi/9.3.1/../../../../arm-none-eabi/lib/thumb/v7e-m+fp/hard\libc_nano.a(lib_a-nano-vfprintf_i.o)
 .debug_frame   0x0000000000002f98       0x2c c:/st/stm32cubeide_1.6.1/stm32cubeide/plugins/com.st.stm32cube.ide.mcu.externaltools.gnu-tools-for-stm32.9-2020-q2-update.win32_1.5.0.202011040924/tools/bin/../lib/gcc/arm-none-eabi/9.3.1/../../../../arm-none-eabi/lib/thumb/v7e-m+fp/hard\libc_nano.a(lib_a-sbrkr.o)
 .debug_frame   0x0000000000002fc4       0x88 c:/st/stm32cubeide_1.6.1/stm32cubeide/plugins/com.st.stm32cube.ide.mcu.externaltools.gnu-tools-for-stm32.9-2020-q2-update.win32_1.5.0.202011040924/tools/bin/../lib/gcc/arm-none-eabi/9.3.1/../../../../arm-none-eabi/lib/thumb/v7e-m+fp/hard\libc_nano.a(lib_a-stdio.o)
 .debug_frame   0x000000000000304c       0x2c c:/st/stm32cubeide_1.6.1/stm32cubeide/plugins/com.st.stm32cube.ide.mcu.externaltools.gnu-tools-for-stm32.9-2020-q2-update.win32_1.5.0.202011040924/tools/bin/../lib/gcc/arm-none-eabi/9.3.1/../../../../arm-none-eabi/lib/thumb/v7e-m+fp/hard\libc_nano.a(lib_a-closer.o)
 .debug_frame   0x0000000000003078       0x2c c:/st/stm32cubeide_1.6.1/stm32cubeide/plugins/com.st.stm32cube.ide.mcu.externaltools.gnu-tools-for-stm32.9-2020-q2-update.win32_1.5.0.202011040924/tools/bin/../lib/gcc/arm-none-eabi/9.3.1/../../../../arm-none-eabi/lib/thumb/v7e-m+fp/hard\libc_nano.a(lib_a-fstatr.o)
 .debug_frame   0x00000000000030a4       0x2c c:/st/stm32cubeide_1.6.1/stm32cubeide/plugins/com.st.stm32cube.ide.mcu.externaltools.gnu-tools-for-stm32.9-2020-q2-update.win32_1.5.0.202011040924/tools/bin/../lib/gcc/arm-none-eabi/9.3.1/../../../../arm-none-eabi/lib/thumb/v7e-m+fp/hard\libc_nano.a(lib_a-isattyr.o)
 .debug_frame   0x00000000000030d0       0x2c c:/st/stm32cubeide_1.6.1/stm32cubeide/plugins/com.st.stm32cube.ide.mcu.externaltools.gnu-tools-for-stm32.9-2020-q2-update.win32_1.5.0.202011040924/tools/bin/../lib/gcc/arm-none-eabi/9.3.1/../../../../arm-none-eabi/lib/thumb/v7e-m+fp/hard\libc_nano.a(lib_a-lseekr.o)
 .debug_frame   0x00000000000030fc       0x30 c:/st/stm32cubeide_1.6.1/stm32cubeide/plugins/com.st.stm32cube.ide.mcu.externaltools.gnu-tools-for-stm32.9-2020-q2-update.win32_1.5.0.202011040924/tools/bin/../lib/gcc/arm-none-eabi/9.3.1/../../../../arm-none-eabi/lib/thumb/v7e-m+fp/hard\libc_nano.a(lib_a-mlock.o)
 .debug_frame   0x000000000000312c       0x2c c:/st/stm32cubeide_1.6.1/stm32cubeide/plugins/com.st.stm32cube.ide.mcu.externaltools.gnu-tools-for-stm32.9-2020-q2-update.win32_1.5.0.202011040924/tools/bin/../lib/gcc/arm-none-eabi/9.3.1/../../../../arm-none-eabi/lib/thumb/v7e-m+fp/hard\libc_nano.a(lib_a-readr.o)
 .debug_frame   0x0000000000003158       0x5c c:/st/stm32cubeide_1.6.1/stm32cubeide/plugins/com.st.stm32cube.ide.mcu.externaltools.gnu-tools-for-stm32.9-2020-q2-update.win32_1.5.0.202011040924/tools/bin/../lib/gcc/arm-none-eabi/9.3.1/../../../../arm-none-eabi/lib/thumb/v7e-m+fp/hard\libc_nano.a(lib_a-reent.o)
